<?xml version="1.0"?>
<link_info>
   <banner>TMS320C55x Linker PC v4.4.1</banner>
   <copyright>Copyright (c) 1996-2012 Texas Instruments Incorporated</copyright>
   <link_time>0x5ff5ba57</link_time>
   <output_file>Lab13-EdgeImage_Student-v5.out</output_file>
   <entry_point>
      <name>_c_int00</name>
      <address>0x1dbb</address>
   </entry_point>
   <input_file_list>
      <input_file id="fl-2">
         <path>.\</path>
         <kind>object</kind>
         <file>SharpenImageSub.obj</file>
         <name>SharpenImageSub.obj</name>
      </input_file>
      <input_file id="fl-3">
         <path>.\</path>
         <kind>object</kind>
         <file>EdgeImageSub.obj</file>
         <name>EdgeImageSub.obj</name>
      </input_file>
      <input_file id="fl-4">
         <path>.\</path>
         <kind>object</kind>
         <file>EdgeImage.obj</file>
         <name>EdgeImage.obj</name>
      </input_file>
      <input_file id="fl-9">
         <path>D:\ti\ccsv5\tools\compiler\c5500_4.4.1\lib\</path>
         <kind>archive</kind>
         <file>rts55x.lib</file>
         <name>boot.obj</name>
      </input_file>
      <input_file id="fl-a">
         <path>D:\ti\ccsv5\tools\compiler\c5500_4.4.1\lib\</path>
         <kind>archive</kind>
         <file>rts55x.lib</file>
         <name>exit.obj</name>
      </input_file>
      <input_file id="fl-b">
         <path>D:\ti\ccsv5\tools\compiler\c5500_4.4.1\lib\</path>
         <kind>archive</kind>
         <file>rts55x.lib</file>
         <name>fclose.obj</name>
      </input_file>
      <input_file id="fl-c">
         <path>D:\ti\ccsv5\tools\compiler\c5500_4.4.1\lib\</path>
         <kind>archive</kind>
         <file>rts55x.lib</file>
         <name>fflush.obj</name>
      </input_file>
      <input_file id="fl-d">
         <path>D:\ti\ccsv5\tools\compiler\c5500_4.4.1\lib\</path>
         <kind>archive</kind>
         <file>rts55x.lib</file>
         <name>fopen.obj</name>
      </input_file>
      <input_file id="fl-e">
         <path>D:\ti\ccsv5\tools\compiler\c5500_4.4.1\lib\</path>
         <kind>archive</kind>
         <file>rts55x.lib</file>
         <name>fputs.obj</name>
      </input_file>
      <input_file id="fl-f">
         <path>D:\ti\ccsv5\tools\compiler\c5500_4.4.1\lib\</path>
         <kind>archive</kind>
         <file>rts55x.lib</file>
         <name>fread.obj</name>
      </input_file>
      <input_file id="fl-10">
         <path>D:\ti\ccsv5\tools\compiler\c5500_4.4.1\lib\</path>
         <kind>archive</kind>
         <file>rts55x.lib</file>
         <name>lowlev.obj</name>
      </input_file>
      <input_file id="fl-11">
         <path>D:\ti\ccsv5\tools\compiler\c5500_4.4.1\lib\</path>
         <kind>archive</kind>
         <file>rts55x.lib</file>
         <name>memcpy.obj</name>
      </input_file>
      <input_file id="fl-12">
         <path>D:\ti\ccsv5\tools\compiler\c5500_4.4.1\lib\</path>
         <kind>archive</kind>
         <file>rts55x.lib</file>
         <name>memory.obj</name>
      </input_file>
      <input_file id="fl-13">
         <path>D:\ti\ccsv5\tools\compiler\c5500_4.4.1\lib\</path>
         <kind>archive</kind>
         <file>rts55x.lib</file>
         <name>remove.obj</name>
      </input_file>
      <input_file id="fl-14">
         <path>D:\ti\ccsv5\tools\compiler\c5500_4.4.1\lib\</path>
         <kind>archive</kind>
         <file>rts55x.lib</file>
         <name>trgdrv.obj</name>
      </input_file>
      <input_file id="fl-15">
         <path>D:\ti\ccsv5\tools\compiler\c5500_4.4.1\lib\</path>
         <kind>archive</kind>
         <file>rts55x.lib</file>
         <name>trgmsg.obj</name>
      </input_file>
      <input_file id="fl-16">
         <path>D:\ti\ccsv5\tools\compiler\c5500_4.4.1\lib\</path>
         <kind>archive</kind>
         <file>rts55x.lib</file>
         <name>udiv.obj</name>
      </input_file>
      <input_file id="fl-17">
         <path>D:\ti\ccsv5\tools\compiler\c5500_4.4.1\lib\</path>
         <kind>archive</kind>
         <file>rts55x.lib</file>
         <name>vectors.obj</name>
      </input_file>
      <input_file id="fl-18">
         <path>D:\ti\ccsv5\tools\compiler\c5500_4.4.1\lib\</path>
         <kind>archive</kind>
         <file>rts55x.lib</file>
         <name>_bufread.obj</name>
      </input_file>
      <input_file id="fl-19">
         <path>D:\ti\ccsv5\tools\compiler\c5500_4.4.1\lib\</path>
         <kind>archive</kind>
         <file>rts55x.lib</file>
         <name>_io_perm.obj</name>
      </input_file>
      <input_file id="fl-1a">
         <path>D:\ti\ccsv5\tools\compiler\c5500_4.4.1\lib\</path>
         <kind>archive</kind>
         <file>rts55x.lib</file>
         <name>_lock.obj</name>
      </input_file>
      <input_file id="fl-1b">
         <path>D:\ti\ccsv5\tools\compiler\c5500_4.4.1\lib\</path>
         <kind>archive</kind>
         <file>rts55x.lib</file>
         <name>args_main.obj</name>
      </input_file>
      <input_file id="fl-1c">
         <path>D:\ti\ccsv5\tools\compiler\c5500_4.4.1\lib\</path>
         <kind>archive</kind>
         <file>rts55x.lib</file>
         <name>autoinit.obj</name>
      </input_file>
      <input_file id="fl-1d">
         <path>D:\ti\ccsv5\tools\compiler\c5500_4.4.1\lib\</path>
         <kind>archive</kind>
         <file>rts55x.lib</file>
         <name>defs.obj</name>
      </input_file>
      <input_file id="fl-1e">
         <path>D:\ti\ccsv5\tools\compiler\c5500_4.4.1\lib\</path>
         <kind>archive</kind>
         <file>rts55x.lib</file>
         <name>fseek.obj</name>
      </input_file>
      <input_file id="fl-1f">
         <path>D:\ti\ccsv5\tools\compiler\c5500_4.4.1\lib\</path>
         <kind>archive</kind>
         <file>rts55x.lib</file>
         <name>setvbuf.obj</name>
      </input_file>
   </input_file_list>
   <object_component_list>
      <object_component id="oc-48">
         <name>.text</name>
         <load_address>0x100</load_address>
         <run_address>0x100</run_address>
         <size>0x543</size>
         <input_file_ref idref="fl-10"/>
      </object_component>
      <object_component id="oc-5d">
         <name>.text</name>
         <load_address>0x643</load_address>
         <run_address>0x643</run_address>
         <size>0x528</size>
         <input_file_ref idref="fl-14"/>
      </object_component>
      <object_component id="oc-52">
         <name>.text</name>
         <load_address>0xb6b</load_address>
         <run_address>0xb6b</run_address>
         <size>0x4b5</size>
         <input_file_ref idref="fl-12"/>
      </object_component>
      <object_component id="oc-39">
         <name>.text</name>
         <load_address>0x1020</load_address>
         <run_address>0x1020</run_address>
         <size>0x27f</size>
         <input_file_ref idref="fl-d"/>
      </object_component>
      <object_component id="oc-1f">
         <name>.text</name>
         <load_address>0x129f</load_address>
         <run_address>0x129f</run_address>
         <size>0x1f3</size>
         <input_file_ref idref="fl-4"/>
      </object_component>
      <object_component id="oc-3f">
         <name>.text</name>
         <load_address>0x1492</load_address>
         <run_address>0x1492</run_address>
         <size>0x163</size>
         <input_file_ref idref="fl-e"/>
      </object_component>
      <object_component id="oc-44">
         <name>.text</name>
         <load_address>0x15f5</load_address>
         <run_address>0x15f5</run_address>
         <size>0x10f</size>
         <input_file_ref idref="fl-f"/>
      </object_component>
      <object_component id="oc-8f">
         <name>.text</name>
         <load_address>0x1704</load_address>
         <run_address>0x1704</run_address>
         <size>0xe6</size>
         <input_file_ref idref="fl-1f"/>
      </object_component>
      <object_component id="oc-75">
         <name>.text</name>
         <load_address>0x17ea</load_address>
         <run_address>0x17ea</run_address>
         <size>0xdd</size>
         <input_file_ref idref="fl-19"/>
      </object_component>
      <object_component id="oc-35">
         <name>.text</name>
         <load_address>0x18c7</load_address>
         <run_address>0x18c7</run_address>
         <size>0xc2</size>
         <input_file_ref idref="fl-c"/>
      </object_component>
      <object_component id="oc-65">
         <name>.text:CIO_breakpoint</name>
         <load_address>0x1989</load_address>
         <run_address>0x1989</run_address>
         <size>0xba</size>
         <input_file_ref idref="fl-15"/>
      </object_component>
      <object_component id="oc-71">
         <name>.text</name>
         <load_address>0x1a43</load_address>
         <run_address>0x1a43</run_address>
         <size>0xae</size>
         <input_file_ref idref="fl-18"/>
      </object_component>
      <object_component id="oc-31">
         <name>.text</name>
         <load_address>0x1af1</load_address>
         <run_address>0x1af1</run_address>
         <size>0x7b</size>
         <input_file_ref idref="fl-b"/>
      </object_component>
      <object_component id="oc-62">
         <name>.text</name>
         <load_address>0x1b6c</load_address>
         <run_address>0x1b6c</run_address>
         <size>0x6d</size>
         <input_file_ref idref="fl-15"/>
      </object_component>
      <object_component id="oc-8b">
         <name>.text</name>
         <load_address>0x1bd9</load_address>
         <run_address>0x1bd9</run_address>
         <size>0x6b</size>
         <input_file_ref idref="fl-1e"/>
      </object_component>
      <object_component id="oc-15">
         <name>.text</name>
         <load_address>0x1c44</load_address>
         <run_address>0x1c44</run_address>
         <size>0x62</size>
         <input_file_ref idref="fl-2"/>
      </object_component>
      <object_component id="oc-83">
         <name>.text</name>
         <load_address>0x1ca6</load_address>
         <run_address>0x1ca6</run_address>
         <size>0x4d</size>
         <input_file_ref idref="fl-1c"/>
      </object_component>
      <object_component id="oc-7f">
         <name>.text</name>
         <load_address>0x1cf3</load_address>
         <run_address>0x1cf3</run_address>
         <size>0x4b</size>
         <input_file_ref idref="fl-1b"/>
      </object_component>
      <object_component id="oc-4e">
         <name>.text</name>
         <load_address>0x1d3e</load_address>
         <run_address>0x1d3e</run_address>
         <size>0x3f</size>
         <input_file_ref idref="fl-11"/>
      </object_component>
      <object_component id="oc-2a">
         <name>.text</name>
         <load_address>0x1d7d</load_address>
         <run_address>0x1d7d</run_address>
         <size>0x3e</size>
         <input_file_ref idref="fl-a"/>
      </object_component>
      <object_component id="oc-14">
         <name>.text</name>
         <load_address>0x1dbb</load_address>
         <run_address>0x1dbb</run_address>
         <size>0x34</size>
         <input_file_ref idref="fl-9"/>
      </object_component>
      <object_component id="oc-1a">
         <name>.text</name>
         <load_address>0x1def</load_address>
         <run_address>0x1def</run_address>
         <size>0x2f</size>
         <input_file_ref idref="fl-3"/>
      </object_component>
      <object_component id="oc-68">
         <name>.text</name>
         <load_address>0x1e1e</load_address>
         <run_address>0x1e1e</run_address>
         <size>0x2a</size>
         <input_file_ref idref="fl-16"/>
      </object_component>
      <object_component id="oc-79">
         <name>.text</name>
         <load_address>0x1e48</load_address>
         <run_address>0x1e48</run_address>
         <size>0x12</size>
         <input_file_ref idref="fl-1a"/>
      </object_component>
      <object_component id="oc-59">
         <name>.text</name>
         <load_address>0x1e5a</load_address>
         <run_address>0x1e5a</run_address>
         <size>0xa</size>
         <input_file_ref idref="fl-13"/>
      </object_component>
      <object_component id="oc-2e">
         <name>.text:CIO_breakpoint</name>
         <load_address>0x1e64</load_address>
         <run_address>0x1e64</run_address>
         <size>0x7</size>
         <input_file_ref idref="fl-a"/>
      </object_component>
      <object_component id="oc-6c">
         <name>.text</name>
         <load_address>0x1e6b</load_address>
         <run_address>0x1e6b</run_address>
         <size>0x2</size>
         <input_file_ref idref="fl-17"/>
      </object_component>
      <object_component id="oc-4b">
         <name>.cinit</name>
         <load_address>0x1e6e</load_address>
         <run_address>0x1e6e</run_address>
         <size>0x5a</size>
         <input_file_ref idref="fl-10"/>
      </object_component>
      <object_component id="oc-89">
         <name>.cinit</name>
         <load_address>0x1ec8</load_address>
         <run_address>0x1ec8</run_address>
         <size>0x54</size>
         <input_file_ref idref="fl-1d"/>
      </object_component>
      <object_component id="oc-7c">
         <name>.cinit</name>
         <load_address>0x1f1c</load_address>
         <run_address>0x1f1c</run_address>
         <size>0x14</size>
         <input_file_ref idref="fl-1a"/>
      </object_component>
      <object_component id="oc-2d">
         <name>.cinit</name>
         <load_address>0x1f30</load_address>
         <run_address>0x1f30</run_address>
         <size>0x14</size>
         <input_file_ref idref="fl-a"/>
      </object_component>
      <object_component id="oc-3c">
         <name>.cinit</name>
         <load_address>0x1f44</load_address>
         <run_address>0x1f44</run_address>
         <size>0x8</size>
         <input_file_ref idref="fl-d"/>
      </object_component>
      <object_component id="oc-55">
         <name>.cinit</name>
         <load_address>0x1f4c</load_address>
         <run_address>0x1f4c</run_address>
         <size>0x8</size>
         <input_file_ref idref="fl-12"/>
      </object_component>
      <object_component id="oc-16">
         <name>.bss</name>
         <uninitialized>true</uninitialized>
         <run_address>0x85b6</run_address>
         <size>0x2</size>
         <input_file_ref idref="fl-2"/>
      </object_component>
      <object_component id="oc-1b">
         <name>.bss</name>
         <uninitialized>true</uninitialized>
         <run_address>0x84d2</run_address>
         <size>0x2</size>
         <input_file_ref idref="fl-3"/>
      </object_component>
      <object_component id="oc-20">
         <name>.bss</name>
         <uninitialized>true</uninitialized>
         <run_address>0x85b8</run_address>
         <size>0x14</size>
         <input_file_ref idref="fl-4"/>
      </object_component>
      <object_component id="oc-2b">
         <name>.bss</name>
         <uninitialized>true</uninitialized>
         <run_address>0x85e0</run_address>
         <size>0x8</size>
         <input_file_ref idref="fl-a"/>
      </object_component>
      <object_component id="oc-3a">
         <name>.bss</name>
         <uninitialized>true</uninitialized>
         <run_address>0x85e8</run_address>
         <size>0x2</size>
         <input_file_ref idref="fl-d"/>
      </object_component>
      <object_component id="oc-49">
         <name>.bss</name>
         <uninitialized>true</uninitialized>
         <run_address>0x84d4</run_address>
         <size>0xe2</size>
         <input_file_ref idref="fl-10"/>
      </object_component>
      <object_component id="oc-53">
         <name>.bss</name>
         <uninitialized>true</uninitialized>
         <run_address>0x85cc</run_address>
         <size>0xc</size>
         <input_file_ref idref="fl-12"/>
      </object_component>
      <object_component id="oc-5e">
         <name>.bss</name>
         <uninitialized>true</uninitialized>
         <run_address>0x8332</run_address>
         <size>0x1a0</size>
         <input_file_ref idref="fl-14"/>
      </object_component>
      <object_component id="oc-7a">
         <name>.bss</name>
         <uninitialized>true</uninitialized>
         <run_address>0x85d8</run_address>
         <size>0x8</size>
         <input_file_ref idref="fl-1a"/>
      </object_component>
      <object_component id="oc-87">
         <name>.bss</name>
         <uninitialized>true</uninitialized>
         <run_address>0x8100</run_address>
         <size>0x232</size>
         <input_file_ref idref="fl-1d"/>
      </object_component>
      <object_component id="oc-22">
         <name>.const:.string</name>
         <load_address>0x9018</load_address>
         <run_address>0x9018</run_address>
         <size>0x62</size>
         <input_file_ref idref="fl-4"/>
      </object_component>
      <object_component id="oc-41">
         <name>.const:.string</name>
         <load_address>0x907c</load_address>
         <run_address>0x907c</run_address>
         <size>0x4</size>
         <input_file_ref idref="fl-e"/>
      </object_component>
      <object_component id="oc-56">
         <name>.sysmem</name>
         <uninitialized>true</uninitialized>
         <run_address>0x85ea</run_address>
         <size>0x0</size>
         <input_file_ref idref="fl-12"/>
      </object_component>
      <object_component id="oc-b2">
         <name>.sysmem</name>
         <uninitialized>true</uninitialized>
         <run_address>0x85ea</run_address>
         <size>0x0</size>
      </object_component>
      <object_component id="oc-64">
         <name>.cio</name>
         <uninitialized>true</uninitialized>
         <run_address>0x89f0</run_address>
         <size>0x240</size>
         <input_file_ref idref="fl-15"/>
      </object_component>
      <object_component id="oc-93">
         <name>.sysstack</name>
         <uninitialized>true</uninitialized>
         <run_address>0x8e24</run_address>
         <size>0x0</size>
         <input_file_ref idref="fl-9"/>
      </object_component>
      <object_component id="oc-b3">
         <name>.sysstack</name>
         <uninitialized>true</uninitialized>
         <run_address>0x8e24</run_address>
         <size>0x0</size>
      </object_component>
      <object_component id="oc-26">
         <name>.stack</name>
         <uninitialized>true</uninitialized>
         <run_address>0x8c30</run_address>
         <size>0x0</size>
         <input_file_ref idref="fl-9"/>
      </object_component>
      <object_component id="oc-b1">
         <name>.stack</name>
         <uninitialized>true</uninitialized>
         <run_address>0x8c30</run_address>
         <size>0x0</size>
      </object_component>
      <object_component id="oc-17">
         <name>.debug_info</name>
         <load_address>0x0</load_address>
         <run_address>0x0</run_address>
         <size>0xe7</size>
         <input_file_ref idref="fl-2"/>
      </object_component>
      <object_component id="oc-1c">
         <name>.debug_info</name>
         <load_address>0xe7</load_address>
         <run_address>0xe7</run_address>
         <size>0xe0</size>
         <input_file_ref idref="fl-3"/>
      </object_component>
      <object_component id="oc-21">
         <name>.debug_info</name>
         <load_address>0x1c7</load_address>
         <run_address>0x1c7</run_address>
         <size>0xb1f</size>
         <input_file_ref idref="fl-4"/>
      </object_component>
      <object_component id="oc-27">
         <name>.debug_info</name>
         <load_address>0xce6</load_address>
         <run_address>0xce6</run_address>
         <size>0xe8</size>
         <input_file_ref idref="fl-9"/>
      </object_component>
      <object_component id="oc-2c">
         <name>.debug_info</name>
         <load_address>0xdce</load_address>
         <run_address>0xdce</run_address>
         <size>0x5fb</size>
         <input_file_ref idref="fl-a"/>
      </object_component>
      <object_component id="oc-32">
         <name>.debug_info</name>
         <load_address>0x13c9</load_address>
         <run_address>0x13c9</run_address>
         <size>0x64f</size>
         <input_file_ref idref="fl-b"/>
      </object_component>
      <object_component id="oc-36">
         <name>.debug_info</name>
         <load_address>0x1a18</load_address>
         <run_address>0x1a18</run_address>
         <size>0x706</size>
         <input_file_ref idref="fl-c"/>
      </object_component>
      <object_component id="oc-3b">
         <name>.debug_info</name>
         <load_address>0x211e</load_address>
         <run_address>0x211e</run_address>
         <size>0xa1c</size>
         <input_file_ref idref="fl-d"/>
      </object_component>
      <object_component id="oc-40">
         <name>.debug_info</name>
         <load_address>0x2b3a</load_address>
         <run_address>0x2b3a</run_address>
         <size>0x942</size>
         <input_file_ref idref="fl-e"/>
      </object_component>
      <object_component id="oc-45">
         <name>.debug_info</name>
         <load_address>0x347c</load_address>
         <run_address>0x347c</run_address>
         <size>0x762</size>
         <input_file_ref idref="fl-f"/>
      </object_component>
      <object_component id="oc-4a">
         <name>.debug_info</name>
         <load_address>0x3bde</load_address>
         <run_address>0x3bde</run_address>
         <size>0x144b</size>
         <input_file_ref idref="fl-10"/>
      </object_component>
      <object_component id="oc-4f">
         <name>.debug_info</name>
         <load_address>0x5029</load_address>
         <run_address>0x5029</run_address>
         <size>0xd1</size>
         <input_file_ref idref="fl-11"/>
      </object_component>
      <object_component id="oc-54">
         <name>.debug_info</name>
         <load_address>0x50fa</load_address>
         <run_address>0x50fa</run_address>
         <size>0xb97</size>
         <input_file_ref idref="fl-12"/>
      </object_component>
      <object_component id="oc-5a">
         <name>.debug_info</name>
         <load_address>0x5c91</load_address>
         <run_address>0x5c91</run_address>
         <size>0x510</size>
         <input_file_ref idref="fl-13"/>
      </object_component>
      <object_component id="oc-5f">
         <name>.debug_info</name>
         <load_address>0x61a1</load_address>
         <run_address>0x61a1</run_address>
         <size>0xed4</size>
         <input_file_ref idref="fl-14"/>
      </object_component>
      <object_component id="oc-63">
         <name>.debug_info</name>
         <load_address>0x7075</load_address>
         <run_address>0x7075</run_address>
         <size>0x744</size>
         <input_file_ref idref="fl-15"/>
      </object_component>
      <object_component id="oc-69">
         <name>.debug_info</name>
         <load_address>0x77b9</load_address>
         <run_address>0x77b9</run_address>
         <size>0xef</size>
         <input_file_ref idref="fl-16"/>
      </object_component>
      <object_component id="oc-6e">
         <name>.debug_info</name>
         <load_address>0x78a8</load_address>
         <run_address>0x78a8</run_address>
         <size>0xbc</size>
         <input_file_ref idref="fl-17"/>
      </object_component>
      <object_component id="oc-72">
         <name>.debug_info</name>
         <load_address>0x7964</load_address>
         <run_address>0x7964</run_address>
         <size>0x6b8</size>
         <input_file_ref idref="fl-18"/>
      </object_component>
      <object_component id="oc-76">
         <name>.debug_info</name>
         <load_address>0x801c</load_address>
         <run_address>0x801c</run_address>
         <size>0x662</size>
         <input_file_ref idref="fl-19"/>
      </object_component>
      <object_component id="oc-7b">
         <name>.debug_info</name>
         <load_address>0x867e</load_address>
         <run_address>0x867e</run_address>
         <size>0x5bc</size>
         <input_file_ref idref="fl-1a"/>
      </object_component>
      <object_component id="oc-80">
         <name>.debug_info</name>
         <load_address>0x8c3a</load_address>
         <run_address>0x8c3a</run_address>
         <size>0x586</size>
         <input_file_ref idref="fl-1b"/>
      </object_component>
      <object_component id="oc-84">
         <name>.debug_info</name>
         <load_address>0x91c0</load_address>
         <run_address>0x91c0</run_address>
         <size>0xcd</size>
         <input_file_ref idref="fl-1c"/>
      </object_component>
      <object_component id="oc-88">
         <name>.debug_info</name>
         <load_address>0x928d</load_address>
         <run_address>0x928d</run_address>
         <size>0x57e</size>
         <input_file_ref idref="fl-1d"/>
      </object_component>
      <object_component id="oc-8c">
         <name>.debug_info</name>
         <load_address>0x980b</load_address>
         <run_address>0x980b</run_address>
         <size>0x5f7</size>
         <input_file_ref idref="fl-1e"/>
      </object_component>
      <object_component id="oc-90">
         <name>.debug_info</name>
         <load_address>0x9e02</load_address>
         <run_address>0x9e02</run_address>
         <size>0x64a</size>
         <input_file_ref idref="fl-1f"/>
      </object_component>
      <object_component id="oc-b5">
         <name>.debug_info</name>
         <load_address>0xa44c</load_address>
         <run_address>0xa44c</run_address>
         <size>0x6e</size>
      </object_component>
      <object_component id="oc-18">
         <name>.debug_line</name>
         <load_address>0x0</load_address>
         <run_address>0x0</run_address>
         <size>0x65</size>
         <input_file_ref idref="fl-2"/>
      </object_component>
      <object_component id="oc-1d">
         <name>.debug_line</name>
         <load_address>0x65</load_address>
         <run_address>0x65</run_address>
         <size>0x53</size>
         <input_file_ref idref="fl-3"/>
      </object_component>
      <object_component id="oc-24">
         <name>.debug_line</name>
         <load_address>0xb8</load_address>
         <run_address>0xb8</run_address>
         <size>0xd9</size>
         <input_file_ref idref="fl-4"/>
      </object_component>
      <object_component id="oc-28">
         <name>.debug_line</name>
         <load_address>0x191</load_address>
         <run_address>0x191</run_address>
         <size>0x54</size>
         <input_file_ref idref="fl-9"/>
      </object_component>
      <object_component id="oc-2f">
         <name>.debug_line</name>
         <load_address>0x1e5</load_address>
         <run_address>0x1e5</run_address>
         <size>0x51</size>
         <input_file_ref idref="fl-a"/>
      </object_component>
      <object_component id="oc-33">
         <name>.debug_line</name>
         <load_address>0x236</load_address>
         <run_address>0x236</run_address>
         <size>0x3d</size>
         <input_file_ref idref="fl-b"/>
      </object_component>
      <object_component id="oc-37">
         <name>.debug_line</name>
         <load_address>0x273</load_address>
         <run_address>0x273</run_address>
         <size>0x5b</size>
         <input_file_ref idref="fl-c"/>
      </object_component>
      <object_component id="oc-3d">
         <name>.debug_line</name>
         <load_address>0x2ce</load_address>
         <run_address>0x2ce</run_address>
         <size>0xd7</size>
         <input_file_ref idref="fl-d"/>
      </object_component>
      <object_component id="oc-42">
         <name>.debug_line</name>
         <load_address>0x3a5</load_address>
         <run_address>0x3a5</run_address>
         <size>0xa8</size>
         <input_file_ref idref="fl-e"/>
      </object_component>
      <object_component id="oc-46">
         <name>.debug_line</name>
         <load_address>0x44d</load_address>
         <run_address>0x44d</run_address>
         <size>0x4d</size>
         <input_file_ref idref="fl-f"/>
      </object_component>
      <object_component id="oc-4c">
         <name>.debug_line</name>
         <load_address>0x49a</load_address>
         <run_address>0x49a</run_address>
         <size>0x1b0</size>
         <input_file_ref idref="fl-10"/>
      </object_component>
      <object_component id="oc-50">
         <name>.debug_line</name>
         <load_address>0x64a</load_address>
         <run_address>0x64a</run_address>
         <size>0x4d</size>
         <input_file_ref idref="fl-11"/>
      </object_component>
      <object_component id="oc-57">
         <name>.debug_line</name>
         <load_address>0x697</load_address>
         <run_address>0x697</run_address>
         <size>0x112</size>
         <input_file_ref idref="fl-12"/>
      </object_component>
      <object_component id="oc-5b">
         <name>.debug_line</name>
         <load_address>0x7a9</load_address>
         <run_address>0x7a9</run_address>
         <size>0x39</size>
         <input_file_ref idref="fl-13"/>
      </object_component>
      <object_component id="oc-60">
         <name>.debug_line</name>
         <load_address>0x7e2</load_address>
         <run_address>0x7e2</run_address>
         <size>0x15d</size>
         <input_file_ref idref="fl-14"/>
      </object_component>
      <object_component id="oc-66">
         <name>.debug_line</name>
         <load_address>0x93f</load_address>
         <run_address>0x93f</run_address>
         <size>0x6a</size>
         <input_file_ref idref="fl-15"/>
      </object_component>
      <object_component id="oc-6a">
         <name>.debug_line</name>
         <load_address>0x9a9</load_address>
         <run_address>0x9a9</run_address>
         <size>0x58</size>
         <input_file_ref idref="fl-16"/>
      </object_component>
      <object_component id="oc-6f">
         <name>.debug_line</name>
         <load_address>0xa01</load_address>
         <run_address>0xa01</run_address>
         <size>0x37</size>
         <input_file_ref idref="fl-17"/>
      </object_component>
      <object_component id="oc-73">
         <name>.debug_line</name>
         <load_address>0xa38</load_address>
         <run_address>0xa38</run_address>
         <size>0x4c</size>
         <input_file_ref idref="fl-18"/>
      </object_component>
      <object_component id="oc-77">
         <name>.debug_line</name>
         <load_address>0xa84</load_address>
         <run_address>0xa84</run_address>
         <size>0x57</size>
         <input_file_ref idref="fl-19"/>
      </object_component>
      <object_component id="oc-7d">
         <name>.debug_line</name>
         <load_address>0xadb</load_address>
         <run_address>0xadb</run_address>
         <size>0x57</size>
         <input_file_ref idref="fl-1a"/>
      </object_component>
      <object_component id="oc-81">
         <name>.debug_line</name>
         <load_address>0xb32</load_address>
         <run_address>0xb32</run_address>
         <size>0x41</size>
         <input_file_ref idref="fl-1b"/>
      </object_component>
      <object_component id="oc-85">
         <name>.debug_line</name>
         <load_address>0xb73</load_address>
         <run_address>0xb73</run_address>
         <size>0x55</size>
         <input_file_ref idref="fl-1c"/>
      </object_component>
      <object_component id="oc-8d">
         <name>.debug_line</name>
         <load_address>0xbc8</load_address>
         <run_address>0xbc8</run_address>
         <size>0x3c</size>
         <input_file_ref idref="fl-1e"/>
      </object_component>
      <object_component id="oc-91">
         <name>.debug_line</name>
         <load_address>0xc04</load_address>
         <run_address>0xc04</run_address>
         <size>0x3f</size>
         <input_file_ref idref="fl-1f"/>
      </object_component>
      <object_component id="oc-19">
         <name>.debug_abbrev</name>
         <load_address>0x0</load_address>
         <run_address>0x0</run_address>
         <size>0x2c</size>
         <input_file_ref idref="fl-2"/>
      </object_component>
      <object_component id="oc-1e">
         <name>.debug_abbrev</name>
         <load_address>0x2c</load_address>
         <run_address>0x2c</run_address>
         <size>0x2c</size>
         <input_file_ref idref="fl-3"/>
      </object_component>
      <object_component id="oc-25">
         <name>.debug_abbrev</name>
         <load_address>0x58</load_address>
         <run_address>0x58</run_address>
         <size>0x119</size>
         <input_file_ref idref="fl-4"/>
      </object_component>
      <object_component id="oc-29">
         <name>.debug_abbrev</name>
         <load_address>0x171</load_address>
         <run_address>0x171</run_address>
         <size>0x3a</size>
         <input_file_ref idref="fl-9"/>
      </object_component>
      <object_component id="oc-30">
         <name>.debug_abbrev</name>
         <load_address>0x1ab</load_address>
         <run_address>0x1ab</run_address>
         <size>0xf7</size>
         <input_file_ref idref="fl-a"/>
      </object_component>
      <object_component id="oc-34">
         <name>.debug_abbrev</name>
         <load_address>0x2a2</load_address>
         <run_address>0x2a2</run_address>
         <size>0x118</size>
         <input_file_ref idref="fl-b"/>
      </object_component>
      <object_component id="oc-38">
         <name>.debug_abbrev</name>
         <load_address>0x3ba</load_address>
         <run_address>0x3ba</run_address>
         <size>0x136</size>
         <input_file_ref idref="fl-c"/>
      </object_component>
      <object_component id="oc-3e">
         <name>.debug_abbrev</name>
         <load_address>0x4f0</load_address>
         <run_address>0x4f0</run_address>
         <size>0x1a2</size>
         <input_file_ref idref="fl-d"/>
      </object_component>
      <object_component id="oc-43">
         <name>.debug_abbrev</name>
         <load_address>0x692</load_address>
         <run_address>0x692</run_address>
         <size>0x140</size>
         <input_file_ref idref="fl-e"/>
      </object_component>
      <object_component id="oc-47">
         <name>.debug_abbrev</name>
         <load_address>0x7d2</load_address>
         <run_address>0x7d2</run_address>
         <size>0x111</size>
         <input_file_ref idref="fl-f"/>
      </object_component>
      <object_component id="oc-4d">
         <name>.debug_abbrev</name>
         <load_address>0x8e3</load_address>
         <run_address>0x8e3</run_address>
         <size>0x225</size>
         <input_file_ref idref="fl-10"/>
      </object_component>
      <object_component id="oc-51">
         <name>.debug_abbrev</name>
         <load_address>0xb08</load_address>
         <run_address>0xb08</run_address>
         <size>0x38</size>
         <input_file_ref idref="fl-11"/>
      </object_component>
      <object_component id="oc-58">
         <name>.debug_abbrev</name>
         <load_address>0xb40</load_address>
         <run_address>0xb40</run_address>
         <size>0x1de</size>
         <input_file_ref idref="fl-12"/>
      </object_component>
      <object_component id="oc-5c">
         <name>.debug_abbrev</name>
         <load_address>0xd1e</load_address>
         <run_address>0xd1e</run_address>
         <size>0xbf</size>
         <input_file_ref idref="fl-13"/>
      </object_component>
      <object_component id="oc-61">
         <name>.debug_abbrev</name>
         <load_address>0xddd</load_address>
         <run_address>0xddd</run_address>
         <size>0x15a</size>
         <input_file_ref idref="fl-14"/>
      </object_component>
      <object_component id="oc-67">
         <name>.debug_abbrev</name>
         <load_address>0xf37</load_address>
         <run_address>0xf37</run_address>
         <size>0xde</size>
         <input_file_ref idref="fl-15"/>
      </object_component>
      <object_component id="oc-6b">
         <name>.debug_abbrev</name>
         <load_address>0x1015</load_address>
         <run_address>0x1015</run_address>
         <size>0x38</size>
         <input_file_ref idref="fl-16"/>
      </object_component>
      <object_component id="oc-70">
         <name>.debug_abbrev</name>
         <load_address>0x104d</load_address>
         <run_address>0x104d</run_address>
         <size>0x26</size>
         <input_file_ref idref="fl-17"/>
      </object_component>
      <object_component id="oc-74">
         <name>.debug_abbrev</name>
         <load_address>0x1073</load_address>
         <run_address>0x1073</run_address>
         <size>0x124</size>
         <input_file_ref idref="fl-18"/>
      </object_component>
      <object_component id="oc-78">
         <name>.debug_abbrev</name>
         <load_address>0x1197</load_address>
         <run_address>0x1197</run_address>
         <size>0xd1</size>
         <input_file_ref idref="fl-19"/>
      </object_component>
      <object_component id="oc-7e">
         <name>.debug_abbrev</name>
         <load_address>0x1268</load_address>
         <run_address>0x1268</run_address>
         <size>0x9f</size>
         <input_file_ref idref="fl-1a"/>
      </object_component>
      <object_component id="oc-82">
         <name>.debug_abbrev</name>
         <load_address>0x1307</load_address>
         <run_address>0x1307</run_address>
         <size>0xec</size>
         <input_file_ref idref="fl-1b"/>
      </object_component>
      <object_component id="oc-86">
         <name>.debug_abbrev</name>
         <load_address>0x13f3</load_address>
         <run_address>0x13f3</run_address>
         <size>0x44</size>
         <input_file_ref idref="fl-1c"/>
      </object_component>
      <object_component id="oc-8a">
         <name>.debug_abbrev</name>
         <load_address>0x1437</load_address>
         <run_address>0x1437</run_address>
         <size>0x83</size>
         <input_file_ref idref="fl-1d"/>
      </object_component>
      <object_component id="oc-8e">
         <name>.debug_abbrev</name>
         <load_address>0x14ba</load_address>
         <run_address>0x14ba</run_address>
         <size>0xd1</size>
         <input_file_ref idref="fl-1e"/>
      </object_component>
      <object_component id="oc-92">
         <name>.debug_abbrev</name>
         <load_address>0x158b</load_address>
         <run_address>0x158b</run_address>
         <size>0x10b</size>
         <input_file_ref idref="fl-1f"/>
      </object_component>
      <object_component id="oc-b6">
         <name>.debug_abbrev</name>
         <load_address>0x1696</load_address>
         <run_address>0x1696</run_address>
         <size>0xd</size>
      </object_component>
      <object_component id="oc-23">
         <name>.debug_frame</name>
         <load_address>0x0</load_address>
         <run_address>0x0</run_address>
         <size>0x11f</size>
         <input_file_ref idref="fl-4"/>
      </object_component>
      <object_component id="oc-6d">
         <name>vectors</name>
         <load_address>0x1f58</load_address>
         <run_address>0x1f58</run_address>
         <size>0x100</size>
         <input_file_ref idref="fl-17"/>
      </object_component>
   </object_component_list>
   <logical_group_list>
      <logical_group id="lg-2">
         <name>.text</name>
         <load_address>0x100</load_address>
         <run_address>0x100</run_address>
         <size>0x1d6e</size>
         <contents>
            <object_component_ref idref="oc-48"/>
            <object_component_ref idref="oc-5d"/>
            <object_component_ref idref="oc-52"/>
            <object_component_ref idref="oc-39"/>
            <object_component_ref idref="oc-1f"/>
            <object_component_ref idref="oc-3f"/>
            <object_component_ref idref="oc-44"/>
            <object_component_ref idref="oc-8f"/>
            <object_component_ref idref="oc-75"/>
            <object_component_ref idref="oc-35"/>
            <object_component_ref idref="oc-65"/>
            <object_component_ref idref="oc-71"/>
            <object_component_ref idref="oc-31"/>
            <object_component_ref idref="oc-62"/>
            <object_component_ref idref="oc-8b"/>
            <object_component_ref idref="oc-15"/>
            <object_component_ref idref="oc-83"/>
            <object_component_ref idref="oc-7f"/>
            <object_component_ref idref="oc-4e"/>
            <object_component_ref idref="oc-2a"/>
            <object_component_ref idref="oc-14"/>
            <object_component_ref idref="oc-1a"/>
            <object_component_ref idref="oc-68"/>
            <object_component_ref idref="oc-79"/>
            <object_component_ref idref="oc-59"/>
            <object_component_ref idref="oc-2e"/>
            <object_component_ref idref="oc-6c"/>
         </contents>
      </logical_group>
      <logical_group id="lg-3">
         <name>.vectors</name>
         <run_address>0x0</run_address>
         <size>0x0</size>
         <contents>
         </contents>
      </logical_group>
      <logical_group id="lg-4">
         <name>.trcinit</name>
         <run_address>0x0</run_address>
         <size>0x0</size>
         <contents>
         </contents>
      </logical_group>
      <logical_group id="lg-5">
         <name>.gblinit</name>
         <run_address>0x0</run_address>
         <size>0x0</size>
         <contents>
         </contents>
      </logical_group>
      <logical_group id="lg-6">
         <name>frt</name>
         <run_address>0x0</run_address>
         <size>0x0</size>
         <contents>
         </contents>
      </logical_group>
      <logical_group id="lg-7">
         <name>.cinit</name>
         <load_address>0x1e6e</load_address>
         <run_address>0x1e6e</run_address>
         <size>0xe8</size>
         <contents>
            <object_component_ref idref="oc-4b"/>
            <object_component_ref idref="oc-89"/>
            <object_component_ref idref="oc-7c"/>
            <object_component_ref idref="oc-2d"/>
            <object_component_ref idref="oc-3c"/>
            <object_component_ref idref="oc-55"/>
         </contents>
      </logical_group>
      <logical_group id="lg-8">
         <name>.pinit</name>
         <run_address>0x0</run_address>
         <size>0x0</size>
         <contents>
         </contents>
      </logical_group>
      <logical_group id="lg-9">
         <name>.sysinit</name>
         <run_address>0x0</run_address>
         <size>0x0</size>
         <contents>
         </contents>
      </logical_group>
      <logical_group id="lg-a">
         <name>.bss</name>
         <run_address>0x8100</run_address>
         <size>0x4ea</size>
         <contents>
            <object_component_ref idref="oc-16"/>
            <object_component_ref idref="oc-1b"/>
            <object_component_ref idref="oc-20"/>
            <object_component_ref idref="oc-2b"/>
            <object_component_ref idref="oc-3a"/>
            <object_component_ref idref="oc-49"/>
            <object_component_ref idref="oc-53"/>
            <object_component_ref idref="oc-5e"/>
            <object_component_ref idref="oc-7a"/>
            <object_component_ref idref="oc-87"/>
         </contents>
      </logical_group>
      <logical_group id="lg-b">
         <name>.far</name>
         <run_address>0x0</run_address>
         <size>0x0</size>
         <contents>
         </contents>
      </logical_group>
      <logical_group id="lg-c">
         <name>.const</name>
         <load_address>0x9018</load_address>
         <run_address>0x9018</run_address>
         <size>0x68</size>
         <contents>
            <object_component_ref idref="oc-22"/>
            <object_component_ref idref="oc-41"/>
         </contents>
      </logical_group>
      <logical_group id="lg-d">
         <name>.switch</name>
         <run_address>0x0</run_address>
         <size>0x0</size>
         <contents>
         </contents>
      </logical_group>
      <logical_group id="lg-e">
         <name>.sysmem</name>
         <run_address>0x85ea</run_address>
         <size>0x400</size>
         <contents>
            <object_component_ref idref="oc-56"/>
            <object_component_ref idref="oc-b2"/>
         </contents>
      </logical_group>
      <logical_group id="lg-f">
         <name>.cio</name>
         <run_address>0x89f0</run_address>
         <size>0x240</size>
         <contents>
            <object_component_ref idref="oc-64"/>
         </contents>
      </logical_group>
      <logical_group id="lg-10">
         <name>.MEM$obj</name>
         <run_address>0x0</run_address>
         <size>0x0</size>
         <contents>
         </contents>
      </logical_group>
      <logical_group id="lg-11">
         <name>.sysheap</name>
         <run_address>0x0</run_address>
         <size>0x0</size>
         <contents>
         </contents>
      </logical_group>
      <logical_group id="lg-12">
         <name>.sysstack</name>
         <run_address>0x8e24</run_address>
         <size>0x1f4</size>
         <contents>
            <object_component_ref idref="oc-93"/>
            <object_component_ref idref="oc-b3"/>
         </contents>
      </logical_group>
      <logical_group id="lg-13">
         <name>.stack</name>
         <run_address>0x8c30</run_address>
         <size>0x1f4</size>
         <contents>
            <object_component_ref idref="oc-26"/>
            <object_component_ref idref="oc-b1"/>
         </contents>
      </logical_group>
      <logical_group id="lg-a6">
         <name>.debug_info</name>
         <load_address>0x0</load_address>
         <run_address>0x0</run_address>
         <size>0xa4ba</size>
         <contents>
            <object_component_ref idref="oc-17"/>
            <object_component_ref idref="oc-1c"/>
            <object_component_ref idref="oc-21"/>
            <object_component_ref idref="oc-27"/>
            <object_component_ref idref="oc-2c"/>
            <object_component_ref idref="oc-32"/>
            <object_component_ref idref="oc-36"/>
            <object_component_ref idref="oc-3b"/>
            <object_component_ref idref="oc-40"/>
            <object_component_ref idref="oc-45"/>
            <object_component_ref idref="oc-4a"/>
            <object_component_ref idref="oc-4f"/>
            <object_component_ref idref="oc-54"/>
            <object_component_ref idref="oc-5a"/>
            <object_component_ref idref="oc-5f"/>
            <object_component_ref idref="oc-63"/>
            <object_component_ref idref="oc-69"/>
            <object_component_ref idref="oc-6e"/>
            <object_component_ref idref="oc-72"/>
            <object_component_ref idref="oc-76"/>
            <object_component_ref idref="oc-7b"/>
            <object_component_ref idref="oc-80"/>
            <object_component_ref idref="oc-84"/>
            <object_component_ref idref="oc-88"/>
            <object_component_ref idref="oc-8c"/>
            <object_component_ref idref="oc-90"/>
            <object_component_ref idref="oc-b5"/>
         </contents>
      </logical_group>
      <logical_group id="lg-a8">
         <name>.debug_line</name>
         <load_address>0x0</load_address>
         <run_address>0x0</run_address>
         <size>0xc43</size>
         <contents>
            <object_component_ref idref="oc-18"/>
            <object_component_ref idref="oc-1d"/>
            <object_component_ref idref="oc-24"/>
            <object_component_ref idref="oc-28"/>
            <object_component_ref idref="oc-2f"/>
            <object_component_ref idref="oc-33"/>
            <object_component_ref idref="oc-37"/>
            <object_component_ref idref="oc-3d"/>
            <object_component_ref idref="oc-42"/>
            <object_component_ref idref="oc-46"/>
            <object_component_ref idref="oc-4c"/>
            <object_component_ref idref="oc-50"/>
            <object_component_ref idref="oc-57"/>
            <object_component_ref idref="oc-5b"/>
            <object_component_ref idref="oc-60"/>
            <object_component_ref idref="oc-66"/>
            <object_component_ref idref="oc-6a"/>
            <object_component_ref idref="oc-6f"/>
            <object_component_ref idref="oc-73"/>
            <object_component_ref idref="oc-77"/>
            <object_component_ref idref="oc-7d"/>
            <object_component_ref idref="oc-81"/>
            <object_component_ref idref="oc-85"/>
            <object_component_ref idref="oc-8d"/>
            <object_component_ref idref="oc-91"/>
         </contents>
      </logical_group>
      <logical_group id="lg-aa">
         <name>.debug_abbrev</name>
         <load_address>0x0</load_address>
         <run_address>0x0</run_address>
         <size>0x16a3</size>
         <contents>
            <object_component_ref idref="oc-19"/>
            <object_component_ref idref="oc-1e"/>
            <object_component_ref idref="oc-25"/>
            <object_component_ref idref="oc-29"/>
            <object_component_ref idref="oc-30"/>
            <object_component_ref idref="oc-34"/>
            <object_component_ref idref="oc-38"/>
            <object_component_ref idref="oc-3e"/>
            <object_component_ref idref="oc-43"/>
            <object_component_ref idref="oc-47"/>
            <object_component_ref idref="oc-4d"/>
            <object_component_ref idref="oc-51"/>
            <object_component_ref idref="oc-58"/>
            <object_component_ref idref="oc-5c"/>
            <object_component_ref idref="oc-61"/>
            <object_component_ref idref="oc-67"/>
            <object_component_ref idref="oc-6b"/>
            <object_component_ref idref="oc-70"/>
            <object_component_ref idref="oc-74"/>
            <object_component_ref idref="oc-78"/>
            <object_component_ref idref="oc-7e"/>
            <object_component_ref idref="oc-82"/>
            <object_component_ref idref="oc-86"/>
            <object_component_ref idref="oc-8a"/>
            <object_component_ref idref="oc-8e"/>
            <object_component_ref idref="oc-92"/>
            <object_component_ref idref="oc-b6"/>
         </contents>
      </logical_group>
      <logical_group id="lg-ac">
         <name>.debug_frame</name>
         <load_address>0x0</load_address>
         <run_address>0x0</run_address>
         <size>0x11f</size>
         <contents>
            <object_component_ref idref="oc-23"/>
         </contents>
      </logical_group>
      <logical_group id="lg-ae">
         <name>vectors</name>
         <load_address>0x1f58</load_address>
         <run_address>0x1f58</run_address>
         <size>0x100</size>
         <contents>
            <object_component_ref idref="oc-6d"/>
         </contents>
      </logical_group>
   </logical_group_list>
   <placement_map>
      <memory_area>
         <name>DARAM</name>
         <page_id>0x0</page_id>
         <origin>0x100</origin>
         <length>0x7f00</length>
         <used_space>0x1f56</used_space>
         <unused_space>0x5faa</unused_space>
         <attributes>RWIX</attributes>
         <usage_details>
            <allocated_space>
               <start_address>0x100</start_address>
               <size>0x1d6e</size>
               <logical_group_ref idref="lg-2"/>
            </allocated_space>
            <allocated_space>
               <start_address>0x1e6e</start_address>
               <size>0xe8</size>
               <logical_group_ref idref="lg-7"/>
            </allocated_space>
            <available_space>
               <start_address>0x1f56</start_address>
               <size>0x2</size>
            </available_space>
            <allocated_space>
               <start_address>0x1f58</start_address>
               <size>0x100</size>
               <logical_group_ref idref="lg-ae"/>
            </allocated_space>
            <available_space>
               <start_address>0x2058</start_address>
               <size>0x5fa8</size>
            </available_space>
         </usage_details>
      </memory_area>
      <memory_area>
         <name>VECT</name>
         <page_id>0x0</page_id>
         <origin>0x8000</origin>
         <length>0x100</length>
         <used_space>0x0</used_space>
         <unused_space>0x100</unused_space>
         <attributes>RWIX</attributes>
         <usage_details>
         </usage_details>
      </memory_area>
      <memory_area>
         <name>DARAM2</name>
         <page_id>0x0</page_id>
         <origin>0x8100</origin>
         <length>0x7f00</length>
         <used_space>0xf7a</used_space>
         <unused_space>0x6f86</unused_space>
         <attributes>RWIX</attributes>
         <usage_details>
            <allocated_space>
               <start_address>0x8100</start_address>
               <size>0x4ea</size>
               <logical_group_ref idref="lg-a"/>
            </allocated_space>
            <allocated_space>
               <start_address>0x85ea</start_address>
               <size>0x400</size>
               <logical_group_ref idref="lg-e"/>
            </allocated_space>
            <available_space>
               <start_address>0x89ea</start_address>
               <size>0x6</size>
            </available_space>
            <allocated_space>
               <start_address>0x89f0</start_address>
               <size>0x240</size>
               <logical_group_ref idref="lg-f"/>
            </allocated_space>
            <allocated_space>
               <start_address>0x8c30</start_address>
               <size>0x1f4</size>
               <logical_group_ref idref="lg-13"/>
            </allocated_space>
            <allocated_space>
               <start_address>0x8e24</start_address>
               <size>0x1f4</size>
               <logical_group_ref idref="lg-12"/>
            </allocated_space>
            <allocated_space>
               <start_address>0x9018</start_address>
               <size>0x68</size>
               <logical_group_ref idref="lg-c"/>
            </allocated_space>
            <available_space>
               <start_address>0x9080</start_address>
               <size>0x6f80</size>
            </available_space>
         </usage_details>
      </memory_area>
      <memory_area>
         <name>SARAM</name>
         <page_id>0x0</page_id>
         <origin>0x10000</origin>
         <length>0x30000</length>
         <used_space>0x0</used_space>
         <unused_space>0x30000</unused_space>
         <attributes>RWIX</attributes>
         <usage_details>
         </usage_details>
      </memory_area>
      <memory_area>
         <name>SDRAM</name>
         <page_id>0x0</page_id>
         <origin>0x40000</origin>
         <length>0x3e0000</length>
         <used_space>0x0</used_space>
         <unused_space>0x3e0000</unused_space>
         <attributes>RWIX</attributes>
         <usage_details>
         </usage_details>
      </memory_area>
   </placement_map>
   <symbol_table>
      <symbol id="sm-0">
         <name>$TI_capability$C5500$CallingConvention</name>
         <value>0x2</value>
      </symbol>
      <symbol id="sm-1">
         <name>$TI_capability$C5500$MemoryModel</name>
         <value>0x2</value>
      </symbol>
      <symbol id="sm-2">
         <name>$TI_capability_requires_rev2</name>
         <value>0x1</value>
      </symbol>
      <symbol id="sm-3">
         <name>cinit</name>
         <value>0x1e6e</value>
      </symbol>
      <symbol id="sm-4">
         <name>___cinit__</name>
         <value>0x1e6e</value>
      </symbol>
      <symbol id="sm-5">
         <name>pinit</name>
         <value>0xffffffff</value>
      </symbol>
      <symbol id="sm-6">
         <name>___pinit__</name>
         <value>0xffffffff</value>
      </symbol>
      <symbol id="sm-7">
         <name>binit</name>
         <value>0xffffffff</value>
      </symbol>
      <symbol id="sm-8">
         <name>___binit__</name>
         <value>0xffffffff</value>
      </symbol>
      <symbol id="sm-9">
         <name>__STACK_SIZE</name>
         <value>0x1f4</value>
      </symbol>
      <symbol id="sm-a">
         <name>__STACK_END</name>
         <value>0x8e24</value>
      </symbol>
      <symbol id="sm-b">
         <name>__SYSMEM_SIZE</name>
         <value>0x400</value>
      </symbol>
      <symbol id="sm-c">
         <name>___c_args__</name>
         <value>0xffffffff</value>
      </symbol>
      <symbol id="sm-d">
         <name>__SYSSTACK_SIZE</name>
         <value>0x1f4</value>
      </symbol>
      <symbol id="sm-e">
         <name>.text</name>
         <value>0x100</value>
      </symbol>
      <symbol id="sm-f">
         <name>___text__</name>
         <value>0x100</value>
      </symbol>
      <symbol id="sm-10">
         <name>etext</name>
         <value>0x1e6e</value>
      </symbol>
      <symbol id="sm-11">
         <name>___etext__</name>
         <value>0x1e6e</value>
      </symbol>
      <symbol id="sm-12">
         <name>.bss</name>
         <value>0x8100</value>
      </symbol>
      <symbol id="sm-13">
         <name>___bss__</name>
         <value>0x8100</value>
      </symbol>
      <symbol id="sm-14">
         <name>end</name>
         <value>0x85ea</value>
      </symbol>
      <symbol id="sm-15">
         <name>___end__</name>
         <value>0x85ea</value>
      </symbol>
      <symbol id="sm-56">
         <name>_ShapenImageSub</name>
         <value>0x1c44</value>
         <object_component_ref idref="oc-15"/>
      </symbol>
      <symbol id="sm-67">
         <name>_EdgeImageSub</name>
         <value>0x1def</value>
         <object_component_ref idref="oc-1a"/>
      </symbol>
      <symbol id="sm-96">
         <name>_main</name>
         <value>0x129f</value>
         <object_component_ref idref="oc-1f"/>
      </symbol>
      <symbol id="sm-97">
         <name>_buffer_grey</name>
         <value>0x85bc</value>
         <object_component_ref idref="oc-20"/>
      </symbol>
      <symbol id="sm-98">
         <name>_ImageWidth</name>
         <value>0x85b8</value>
         <object_component_ref idref="oc-20"/>
      </symbol>
      <symbol id="sm-99">
         <name>_Edge_Grey_Image</name>
         <value>0x13a9</value>
         <object_component_ref idref="oc-1f"/>
      </symbol>
      <symbol id="sm-9a">
         <name>_Threshhold</name>
         <value>0x85c4</value>
         <object_component_ref idref="oc-20"/>
      </symbol>
      <symbol id="sm-9b">
         <name>_buffer_org</name>
         <value>0x85c0</value>
         <object_component_ref idref="oc-20"/>
      </symbol>
      <symbol id="sm-9c">
         <name>_alpha</name>
         <value>0x85c8</value>
         <object_component_ref idref="oc-20"/>
      </symbol>
      <symbol id="sm-9d">
         <name>_Read_Grey_Image</name>
         <value>0x1309</value>
         <object_component_ref idref="oc-1f"/>
      </symbol>
      <symbol id="sm-9e">
         <name>_ImageHeight</name>
         <value>0x85ba</value>
         <object_component_ref idref="oc-20"/>
      </symbol>
      <symbol id="sm-aa">
         <name>__sysstack</name>
         <value>0x8e24</value>
         <object_component_ref idref="oc-93"/>
      </symbol>
      <symbol id="sm-ab">
         <name>_c_int00</name>
         <value>0x1dbb</value>
         <object_component_ref idref="oc-14"/>
      </symbol>
      <symbol id="sm-ac">
         <name>__stack</name>
         <value>0x8c30</value>
         <object_component_ref idref="oc-26"/>
      </symbol>
      <symbol id="sm-bc">
         <name>C$$EXIT</name>
         <value>0x1e65</value>
         <object_component_ref idref="oc-2e"/>
      </symbol>
      <symbol id="sm-bd">
         <name>_exit</name>
         <value>0x1d7d</value>
         <object_component_ref idref="oc-2a"/>
      </symbol>
      <symbol id="sm-be">
         <name>_abort</name>
         <value>0x1e64</value>
         <object_component_ref idref="oc-2e"/>
      </symbol>
      <symbol id="sm-bf">
         <name>__cleanup_ptr</name>
         <value>0x85e0</value>
         <object_component_ref idref="oc-2b"/>
      </symbol>
      <symbol id="sm-c0">
         <name>__dtors_ptr</name>
         <value>0x85e4</value>
         <object_component_ref idref="oc-2b"/>
      </symbol>
      <symbol id="sm-ca">
         <name>_fclose</name>
         <value>0x1af1</value>
         <object_component_ref idref="oc-31"/>
      </symbol>
      <symbol id="sm-d4">
         <name>__doflush</name>
         <value>0x18c7</value>
         <object_component_ref idref="oc-35"/>
      </symbol>
      <symbol id="sm-d5">
         <name>_fflush</name>
         <value>0x1930</value>
         <object_component_ref idref="oc-35"/>
      </symbol>
      <symbol id="sm-e4">
         <name>__cleanup</name>
         <value>0x1141</value>
         <object_component_ref idref="oc-39"/>
      </symbol>
      <symbol id="sm-e5">
         <name>_fopen</name>
         <value>0x1264</value>
         <object_component_ref idref="oc-39"/>
      </symbol>
      <symbol id="sm-e6">
         <name>_freopen</name>
         <value>0x119b</value>
         <object_component_ref idref="oc-39"/>
      </symbol>
      <symbol id="sm-f4">
         <name>_puts</name>
         <value>0x15c7</value>
         <object_component_ref idref="oc-3f"/>
      </symbol>
      <symbol id="sm-f5">
         <name>_fputs</name>
         <value>0x1492</value>
         <object_component_ref idref="oc-3f"/>
      </symbol>
      <symbol id="sm-ff">
         <name>_fread</name>
         <value>0x15f5</value>
         <object_component_ref idref="oc-44"/>
      </symbol>
      <symbol id="sm-111">
         <name>_add_device</name>
         <value>0x553</value>
         <object_component_ref idref="oc-48"/>
      </symbol>
      <symbol id="sm-112">
         <name>_rename</name>
         <value>0x275</value>
         <object_component_ref idref="oc-48"/>
      </symbol>
      <symbol id="sm-113">
         <name>_read</name>
         <value>0x304</value>
         <object_component_ref idref="oc-48"/>
      </symbol>
      <symbol id="sm-114">
         <name>_unlink</name>
         <value>0x242</value>
         <object_component_ref idref="oc-48"/>
      </symbol>
      <symbol id="sm-115">
         <name>_remove_device</name>
         <value>0x2ce</value>
         <object_component_ref idref="oc-48"/>
      </symbol>
      <symbol id="sm-116">
         <name>_open</name>
         <value>0x3b2</value>
         <object_component_ref idref="oc-48"/>
      </symbol>
      <symbol id="sm-117">
         <name>_find_registered_device</name>
         <value>0x4d7</value>
         <object_component_ref idref="oc-48"/>
      </symbol>
      <symbol id="sm-118">
         <name>_lseek</name>
         <value>0x471</value>
         <object_component_ref idref="oc-48"/>
      </symbol>
      <symbol id="sm-119">
         <name>_close</name>
         <value>0x4e0</value>
         <object_component_ref idref="oc-48"/>
      </symbol>
      <symbol id="sm-11a">
         <name>_write</name>
         <value>0x100</value>
         <object_component_ref idref="oc-48"/>
      </symbol>
      <symbol id="sm-122">
         <name>_memcpy</name>
         <value>0x1d3e</value>
         <object_component_ref idref="oc-4e"/>
      </symbol>
      <symbol id="sm-132">
         <name>__sys_memory</name>
         <value>0x85ea</value>
         <object_component_ref idref="oc-56"/>
      </symbol>
      <symbol id="sm-133">
         <name>_chkheap</name>
         <value>0xff2</value>
         <object_component_ref idref="oc-52"/>
      </symbol>
      <symbol id="sm-134">
         <name>_realloc</name>
         <value>0xd91</value>
         <object_component_ref idref="oc-52"/>
      </symbol>
      <symbol id="sm-135">
         <name>_free_memory</name>
         <value>0xf9c</value>
         <object_component_ref idref="oc-52"/>
      </symbol>
      <symbol id="sm-136">
         <name>_max_free</name>
         <value>0xf42</value>
         <object_component_ref idref="oc-52"/>
      </symbol>
      <symbol id="sm-137">
         <name>_free</name>
         <value>0xb6b</value>
         <object_component_ref idref="oc-52"/>
      </symbol>
      <symbol id="sm-138">
         <name>_calloc</name>
         <value>0xffa</value>
         <object_component_ref idref="oc-52"/>
      </symbol>
      <symbol id="sm-139">
         <name>_malloc</name>
         <value>0xc9c</value>
         <object_component_ref idref="oc-52"/>
      </symbol>
      <symbol id="sm-13a">
         <name>_minit</name>
         <value>0xc37</value>
         <object_component_ref idref="oc-52"/>
      </symbol>
      <symbol id="sm-144">
         <name>_remove</name>
         <value>0x1e5a</value>
         <object_component_ref idref="oc-59"/>
      </symbol>
      <symbol id="sm-150">
         <name>_HOSTopen</name>
         <value>0x94e</value>
         <object_component_ref idref="oc-5d"/>
      </symbol>
      <symbol id="sm-151">
         <name>_HOSTread</name>
         <value>0x8c1</value>
         <object_component_ref idref="oc-5d"/>
      </symbol>
      <symbol id="sm-152">
         <name>_HOSTtime</name>
         <value>0x7b5</value>
         <object_component_ref idref="oc-5d"/>
      </symbol>
      <symbol id="sm-153">
         <name>_getenv</name>
         <value>0x643</value>
         <object_component_ref idref="oc-5d"/>
      </symbol>
      <symbol id="sm-154">
         <name>_HOSTrename</name>
         <value>0x813</value>
         <object_component_ref idref="oc-5d"/>
      </symbol>
      <symbol id="sm-155">
         <name>_HOSTclock</name>
         <value>0xb0d</value>
         <object_component_ref idref="oc-5d"/>
      </symbol>
      <symbol id="sm-156">
         <name>_HOSTwrite</name>
         <value>0x6be</value>
         <object_component_ref idref="oc-5d"/>
      </symbol>
      <symbol id="sm-157">
         <name>_HOSTlseek</name>
         <value>0x9ed</value>
         <object_component_ref idref="oc-5d"/>
      </symbol>
      <symbol id="sm-158">
         <name>_HOSTunlink</name>
         <value>0x74b</value>
         <object_component_ref idref="oc-5d"/>
      </symbol>
      <symbol id="sm-159">
         <name>_HOSTclose</name>
         <value>0xaa2</value>
         <object_component_ref idref="oc-5d"/>
      </symbol>
      <symbol id="sm-16b">
         <name>C$$IO$$</name>
         <value>0x1a3e</value>
         <object_component_ref idref="oc-65"/>
      </symbol>
      <symbol id="sm-16c">
         <name>__CIOBUF_</name>
         <value>0x89f0</value>
         <object_component_ref idref="oc-64"/>
      </symbol>
      <symbol id="sm-16d">
         <name>_readmsg</name>
         <value>0x1b6c</value>
         <object_component_ref idref="oc-62"/>
      </symbol>
      <symbol id="sm-16e">
         <name>_writemsg</name>
         <value>0x1989</value>
         <object_component_ref idref="oc-65"/>
      </symbol>
      <symbol id="sm-176">
         <name>__remu</name>
         <value>0x1e33</value>
         <object_component_ref idref="oc-68"/>
      </symbol>
      <symbol id="sm-177">
         <name>__divu</name>
         <value>0x1e1e</value>
         <object_component_ref idref="oc-68"/>
      </symbol>
      <symbol id="sm-178">
         <name>I$$UMOD</name>
         <value>0x1e33</value>
         <object_component_ref idref="oc-68"/>
      </symbol>
      <symbol id="sm-179">
         <name>I$$UDIV</name>
         <value>0x1e1e</value>
         <object_component_ref idref="oc-68"/>
      </symbol>
      <symbol id="sm-183">
         <name>_Reset</name>
         <value>0x1f58</value>
         <object_component_ref idref="oc-6d"/>
      </symbol>
      <symbol id="sm-18d">
         <name>__buff_read</name>
         <value>0x1a43</value>
         <object_component_ref idref="oc-71"/>
      </symbol>
      <symbol id="sm-197">
         <name>__rd_ok</name>
         <value>0x186a</value>
         <object_component_ref idref="oc-75"/>
      </symbol>
      <symbol id="sm-198">
         <name>__wrt_ok</name>
         <value>0x17ea</value>
         <object_component_ref idref="oc-75"/>
      </symbol>
      <symbol id="sm-1a6">
         <name>__unlock</name>
         <value>0x85dc</value>
         <object_component_ref idref="oc-7a"/>
      </symbol>
      <symbol id="sm-1a7">
         <name>__lock</name>
         <value>0x85d8</value>
         <object_component_ref idref="oc-7a"/>
      </symbol>
      <symbol id="sm-1a8">
         <name>__register_lock</name>
         <value>0x1e50</value>
         <object_component_ref idref="oc-79"/>
      </symbol>
      <symbol id="sm-1a9">
         <name>__nop</name>
         <value>0x1e58</value>
         <object_component_ref idref="oc-79"/>
      </symbol>
      <symbol id="sm-1aa">
         <name>__register_unlock</name>
         <value>0x1e48</value>
         <object_component_ref idref="oc-79"/>
      </symbol>
      <symbol id="sm-1b4">
         <name>__args_main</name>
         <value>0x1cf3</value>
         <object_component_ref idref="oc-7f"/>
      </symbol>
      <symbol id="sm-1b5">
         <name>__TI_args_main</name>
         <value>0x1</value>
      </symbol>
      <symbol id="sm-1bd">
         <name>_auto_init</name>
         <value>0x1ca6</value>
         <object_component_ref idref="oc-83"/>
      </symbol>
      <symbol id="sm-1c7">
         <name>__tmpnams</name>
         <value>0x81f0</value>
         <object_component_ref idref="oc-87"/>
      </symbol>
      <symbol id="sm-1c8">
         <name>__ft_end</name>
         <value>0x8330</value>
         <object_component_ref idref="oc-87"/>
      </symbol>
      <symbol id="sm-1c9">
         <name>__ftable</name>
         <value>0x8100</value>
         <object_component_ref idref="oc-87"/>
      </symbol>
      <symbol id="sm-1d3">
         <name>_fseek</name>
         <value>0x1bd9</value>
         <object_component_ref idref="oc-8b"/>
      </symbol>
      <symbol id="sm-1dd">
         <name>_setvbuf</name>
         <value>0x1704</value>
         <object_component_ref idref="oc-8f"/>
      </symbol>
   </symbol_table>
</link_info>
