<?xml version="1.0"?>
<link_info>
   <banner>TMS320C55x Linker PC v4.4.1</banner>
   <copyright>Copyright (c) 1996-2012 Texas Instruments Incorporated</copyright>
   <link_time>0x5fc6348a</link_time>
   <output_file>Lab06-C_ASM_student-v5.out</output_file>
   <entry_point>
      <name>_c_int00</name>
      <address>0x11e9f</address>
   </entry_point>
   <input_file_list>
      <input_file id="fl-2">
         <path>.\</path>
         <kind>object</kind>
         <file>mySub.obj</file>
         <name>mySub.obj</name>
      </input_file>
      <input_file id="fl-3">
         <path>.\</path>
         <kind>object</kind>
         <file>lab06.obj</file>
         <name>lab06.obj</name>
      </input_file>
      <input_file id="fl-8">
         <path>D:\ti\ccsv5\tools\compiler\c5500_4.4.1\lib\</path>
         <kind>archive</kind>
         <file>rts55x.lib</file>
         <name>boot.obj</name>
      </input_file>
      <input_file id="fl-9">
         <path>D:\ti\ccsv5\tools\compiler\c5500_4.4.1\lib\</path>
         <kind>archive</kind>
         <file>rts55x.lib</file>
         <name>exit.obj</name>
      </input_file>
      <input_file id="fl-a">
         <path>D:\ti\ccsv5\tools\compiler\c5500_4.4.1\lib\</path>
         <kind>archive</kind>
         <file>rts55x.lib</file>
         <name>printf.obj</name>
      </input_file>
      <input_file id="fl-b">
         <path>D:\ti\ccsv5\tools\compiler\c5500_4.4.1\lib\</path>
         <kind>archive</kind>
         <file>rts55x.lib</file>
         <name>vectors.obj</name>
      </input_file>
      <input_file id="fl-c">
         <path>D:\ti\ccsv5\tools\compiler\c5500_4.4.1\lib\</path>
         <kind>archive</kind>
         <file>rts55x.lib</file>
         <name>_lock.obj</name>
      </input_file>
      <input_file id="fl-d">
         <path>D:\ti\ccsv5\tools\compiler\c5500_4.4.1\lib\</path>
         <kind>archive</kind>
         <file>rts55x.lib</file>
         <name>_printfi_min.obj</name>
      </input_file>
      <input_file id="fl-e">
         <path>D:\ti\ccsv5\tools\compiler\c5500_4.4.1\lib\</path>
         <kind>archive</kind>
         <file>rts55x.lib</file>
         <name>args_main.obj</name>
      </input_file>
      <input_file id="fl-f">
         <path>D:\ti\ccsv5\tools\compiler\c5500_4.4.1\lib\</path>
         <kind>archive</kind>
         <file>rts55x.lib</file>
         <name>autoinit.obj</name>
      </input_file>
      <input_file id="fl-10">
         <path>D:\ti\ccsv5\tools\compiler\c5500_4.4.1\lib\</path>
         <kind>archive</kind>
         <file>rts55x.lib</file>
         <name>defs.obj</name>
      </input_file>
      <input_file id="fl-11">
         <path>D:\ti\ccsv5\tools\compiler\c5500_4.4.1\lib\</path>
         <kind>archive</kind>
         <file>rts55x.lib</file>
         <name>fputc.obj</name>
      </input_file>
      <input_file id="fl-12">
         <path>D:\ti\ccsv5\tools\compiler\c5500_4.4.1\lib\</path>
         <kind>archive</kind>
         <file>rts55x.lib</file>
         <name>fputs.obj</name>
      </input_file>
      <input_file id="fl-13">
         <path>D:\ti\ccsv5\tools\compiler\c5500_4.4.1\lib\</path>
         <kind>archive</kind>
         <file>rts55x.lib</file>
         <name>lowlev.obj</name>
      </input_file>
      <input_file id="fl-14">
         <path>D:\ti\ccsv5\tools\compiler\c5500_4.4.1\lib\</path>
         <kind>archive</kind>
         <file>rts55x.lib</file>
         <name>memccpy.obj</name>
      </input_file>
      <input_file id="fl-15">
         <path>D:\ti\ccsv5\tools\compiler\c5500_4.4.1\lib\</path>
         <kind>archive</kind>
         <file>rts55x.lib</file>
         <name>memcpy.obj</name>
      </input_file>
      <input_file id="fl-16">
         <path>D:\ti\ccsv5\tools\compiler\c5500_4.4.1\lib\</path>
         <kind>archive</kind>
         <file>rts55x.lib</file>
         <name>trgdrv.obj</name>
      </input_file>
      <input_file id="fl-17">
         <path>D:\ti\ccsv5\tools\compiler\c5500_4.4.1\lib\</path>
         <kind>archive</kind>
         <file>rts55x.lib</file>
         <name>trgmsg.obj</name>
      </input_file>
      <input_file id="fl-18">
         <path>D:\ti\ccsv5\tools\compiler\c5500_4.4.1\lib\</path>
         <kind>archive</kind>
         <file>rts55x.lib</file>
         <name>udiv.obj</name>
      </input_file>
      <input_file id="fl-19">
         <path>D:\ti\ccsv5\tools\compiler\c5500_4.4.1\lib\</path>
         <kind>archive</kind>
         <file>rts55x.lib</file>
         <name>_io_perm.obj</name>
      </input_file>
      <input_file id="fl-1a">
         <path>D:\ti\ccsv5\tools\compiler\c5500_4.4.1\lib\</path>
         <kind>archive</kind>
         <file>rts55x.lib</file>
         <name>fflush.obj</name>
      </input_file>
      <input_file id="fl-1b">
         <path>D:\ti\ccsv5\tools\compiler\c5500_4.4.1\lib\</path>
         <kind>archive</kind>
         <file>rts55x.lib</file>
         <name>fseek.obj</name>
      </input_file>
      <input_file id="fl-1c">
         <path>D:\ti\ccsv5\tools\compiler\c5500_4.4.1\lib\</path>
         <kind>archive</kind>
         <file>rts55x.lib</file>
         <name>setvbuf.obj</name>
      </input_file>
      <input_file id="fl-1d">
         <path>D:\ti\ccsv5\tools\compiler\c5500_4.4.1\lib\</path>
         <kind>archive</kind>
         <file>rts55x.lib</file>
         <name>fopen.obj</name>
      </input_file>
      <input_file id="fl-1e">
         <path>D:\ti\ccsv5\tools\compiler\c5500_4.4.1\lib\</path>
         <kind>archive</kind>
         <file>rts55x.lib</file>
         <name>memory.obj</name>
      </input_file>
      <input_file id="fl-1f">
         <path>D:\ti\ccsv5\tools\compiler\c5500_4.4.1\lib\</path>
         <kind>archive</kind>
         <file>rts55x.lib</file>
         <name>fclose.obj</name>
      </input_file>
      <input_file id="fl-20">
         <path>D:\ti\ccsv5\tools\compiler\c5500_4.4.1\lib\</path>
         <kind>archive</kind>
         <file>rts55x.lib</file>
         <name>remove.obj</name>
      </input_file>
   </input_file_list>
   <object_component_list>
      <object_component id="oc-4b">
         <name>.cinit</name>
         <load_address>0x1267a</load_address>
         <run_address>0x1267a</run_address>
         <size>0x5a</size>
         <input_file_ref idref="fl-13"/>
      </object_component>
      <object_component id="oc-3d">
         <name>.cinit</name>
         <load_address>0x126d4</load_address>
         <run_address>0x126d4</run_address>
         <size>0x54</size>
         <input_file_ref idref="fl-10"/>
      </object_component>
      <object_component id="oc-2b">
         <name>.cinit</name>
         <load_address>0x12728</load_address>
         <run_address>0x12728</run_address>
         <size>0x14</size>
         <input_file_ref idref="fl-c"/>
      </object_component>
      <object_component id="oc-1b">
         <name>.cinit</name>
         <load_address>0x1273c</load_address>
         <run_address>0x1273c</run_address>
         <size>0x14</size>
         <input_file_ref idref="fl-9"/>
      </object_component>
      <object_component id="oc-78">
         <name>.cinit</name>
         <load_address>0x12750</load_address>
         <run_address>0x12750</run_address>
         <size>0x8</size>
         <input_file_ref idref="fl-1d"/>
      </object_component>
      <object_component id="oc-7e">
         <name>.cinit</name>
         <load_address>0x12758</load_address>
         <run_address>0x12758</run_address>
         <size>0x8</size>
         <input_file_ref idref="fl-1e"/>
      </object_component>
      <object_component id="oc-9">
         <name>.bss</name>
         <uninitialized>true</uninitialized>
         <run_address>0x12674</run_address>
         <size>0x6</size>
         <input_file_ref idref="fl-2"/>
      </object_component>
      <object_component id="oc-e">
         <name>.bss</name>
         <uninitialized>true</uninitialized>
         <run_address>0x11f48</run_address>
         <size>0x258</size>
         <input_file_ref idref="fl-3"/>
      </object_component>
      <object_component id="oc-19">
         <name>.bss</name>
         <uninitialized>true</uninitialized>
         <run_address>0x1266c</run_address>
         <size>0x8</size>
         <input_file_ref idref="fl-9"/>
      </object_component>
      <object_component id="oc-29">
         <name>.bss</name>
         <uninitialized>true</uninitialized>
         <run_address>0x12664</run_address>
         <size>0x8</size>
         <input_file_ref idref="fl-c"/>
      </object_component>
      <object_component id="oc-3b">
         <name>.bss</name>
         <uninitialized>true</uninitialized>
         <run_address>0x121a0</run_address>
         <size>0x232</size>
         <input_file_ref idref="fl-10"/>
      </object_component>
      <object_component id="oc-49">
         <name>.bss</name>
         <uninitialized>true</uninitialized>
         <run_address>0x12574</run_address>
         <size>0xe2</size>
         <input_file_ref idref="fl-13"/>
      </object_component>
      <object_component id="oc-57">
         <name>.bss</name>
         <uninitialized>true</uninitialized>
         <run_address>0x123d2</run_address>
         <size>0x1a0</size>
         <input_file_ref idref="fl-16"/>
      </object_component>
      <object_component id="oc-76">
         <name>.bss</name>
         <uninitialized>true</uninitialized>
         <run_address>0x12572</run_address>
         <size>0x2</size>
         <input_file_ref idref="fl-1d"/>
      </object_component>
      <object_component id="oc-7c">
         <name>.bss</name>
         <uninitialized>true</uninitialized>
         <run_address>0x12658</run_address>
         <size>0xc</size>
         <input_file_ref idref="fl-1e"/>
      </object_component>
      <object_component id="oc-48">
         <name>.text</name>
         <load_address>0x10000</load_address>
         <run_address>0x10000</run_address>
         <size>0x543</size>
         <input_file_ref idref="fl-13"/>
      </object_component>
      <object_component id="oc-56">
         <name>.text</name>
         <load_address>0x10543</load_address>
         <run_address>0x10543</run_address>
         <size>0x528</size>
         <input_file_ref idref="fl-16"/>
      </object_component>
      <object_component id="oc-7b">
         <name>.text</name>
         <load_address>0x10a6b</load_address>
         <run_address>0x10a6b</run_address>
         <size>0x4b5</size>
         <input_file_ref idref="fl-1e"/>
      </object_component>
      <object_component id="oc-2e">
         <name>.text</name>
         <load_address>0x10f20</load_address>
         <run_address>0x10f20</run_address>
         <size>0x407</size>
         <input_file_ref idref="fl-d"/>
      </object_component>
      <object_component id="oc-75">
         <name>.text</name>
         <load_address>0x11327</load_address>
         <run_address>0x11327</run_address>
         <size>0x27f</size>
         <input_file_ref idref="fl-1d"/>
      </object_component>
      <object_component id="oc-43">
         <name>.text</name>
         <load_address>0x115a6</load_address>
         <run_address>0x115a6</run_address>
         <size>0x163</size>
         <input_file_ref idref="fl-12"/>
      </object_component>
      <object_component id="oc-71">
         <name>.text</name>
         <load_address>0x11709</load_address>
         <run_address>0x11709</run_address>
         <size>0xe6</size>
         <input_file_ref idref="fl-1c"/>
      </object_component>
      <object_component id="oc-65">
         <name>.text</name>
         <load_address>0x117ef</load_address>
         <run_address>0x117ef</run_address>
         <size>0xdd</size>
         <input_file_ref idref="fl-19"/>
      </object_component>
      <object_component id="oc-69">
         <name>.text</name>
         <load_address>0x118cc</load_address>
         <run_address>0x118cc</run_address>
         <size>0xc2</size>
         <input_file_ref idref="fl-1a"/>
      </object_component>
      <object_component id="oc-5e">
         <name>.text:CIO_breakpoint</name>
         <load_address>0x1198e</load_address>
         <run_address>0x1198e</run_address>
         <size>0xba</size>
         <input_file_ref idref="fl-17"/>
      </object_component>
      <object_component id="oc-3f">
         <name>.text</name>
         <load_address>0x11a48</load_address>
         <run_address>0x11a48</run_address>
         <size>0xa6</size>
         <input_file_ref idref="fl-11"/>
      </object_component>
      <object_component id="oc-d">
         <name>.text</name>
         <load_address>0x11aee</load_address>
         <run_address>0x11aee</run_address>
         <size>0xa0</size>
         <input_file_ref idref="fl-3"/>
      </object_component>
      <object_component id="oc-82">
         <name>.text</name>
         <load_address>0x11b8e</load_address>
         <run_address>0x11b8e</run_address>
         <size>0x7b</size>
         <input_file_ref idref="fl-1f"/>
      </object_component>
      <object_component id="oc-5b">
         <name>.text</name>
         <load_address>0x11c09</load_address>
         <run_address>0x11c09</run_address>
         <size>0x6d</size>
         <input_file_ref idref="fl-17"/>
      </object_component>
      <object_component id="oc-6d">
         <name>.text</name>
         <load_address>0x11c76</load_address>
         <run_address>0x11c76</run_address>
         <size>0x6b</size>
         <input_file_ref idref="fl-1b"/>
      </object_component>
      <object_component id="oc-8">
         <name>.text</name>
         <load_address>0x11ce1</load_address>
         <run_address>0x11ce1</run_address>
         <size>0x59</size>
         <input_file_ref idref="fl-2"/>
      </object_component>
      <object_component id="oc-1f">
         <name>.text</name>
         <load_address>0x11d3a</load_address>
         <run_address>0x11d3a</run_address>
         <size>0x50</size>
         <input_file_ref idref="fl-a"/>
      </object_component>
      <object_component id="oc-37">
         <name>.text</name>
         <load_address>0x11d8a</load_address>
         <run_address>0x11d8a</run_address>
         <size>0x4d</size>
         <input_file_ref idref="fl-f"/>
      </object_component>
      <object_component id="oc-33">
         <name>.text</name>
         <load_address>0x11dd7</load_address>
         <run_address>0x11dd7</run_address>
         <size>0x4b</size>
         <input_file_ref idref="fl-e"/>
      </object_component>
      <object_component id="oc-52">
         <name>.text</name>
         <load_address>0x11e22</load_address>
         <run_address>0x11e22</run_address>
         <size>0x3f</size>
         <input_file_ref idref="fl-15"/>
      </object_component>
      <object_component id="oc-18">
         <name>.text</name>
         <load_address>0x11e61</load_address>
         <run_address>0x11e61</run_address>
         <size>0x3e</size>
         <input_file_ref idref="fl-9"/>
      </object_component>
      <object_component id="oc-7">
         <name>.text</name>
         <load_address>0x11e9f</load_address>
         <run_address>0x11e9f</run_address>
         <size>0x34</size>
         <input_file_ref idref="fl-8"/>
      </object_component>
      <object_component id="oc-61">
         <name>.text</name>
         <load_address>0x11ed3</load_address>
         <run_address>0x11ed3</run_address>
         <size>0x2a</size>
         <input_file_ref idref="fl-18"/>
      </object_component>
      <object_component id="oc-4e">
         <name>.text</name>
         <load_address>0x11efd</load_address>
         <run_address>0x11efd</run_address>
         <size>0x23</size>
         <input_file_ref idref="fl-14"/>
      </object_component>
      <object_component id="oc-28">
         <name>.text</name>
         <load_address>0x11f20</load_address>
         <run_address>0x11f20</run_address>
         <size>0x12</size>
         <input_file_ref idref="fl-c"/>
      </object_component>
      <object_component id="oc-86">
         <name>.text</name>
         <load_address>0x11f32</load_address>
         <run_address>0x11f32</run_address>
         <size>0xa</size>
         <input_file_ref idref="fl-20"/>
      </object_component>
      <object_component id="oc-1c">
         <name>.text:CIO_breakpoint</name>
         <load_address>0x11f3c</load_address>
         <run_address>0x11f3c</run_address>
         <size>0x7</size>
         <input_file_ref idref="fl-9"/>
      </object_component>
      <object_component id="oc-23">
         <name>.text</name>
         <load_address>0x11f43</load_address>
         <run_address>0x11f43</run_address>
         <size>0x2</size>
         <input_file_ref idref="fl-b"/>
      </object_component>
      <object_component id="oc-14">
         <name>.stack</name>
         <uninitialized>true</uninitialized>
         <run_address>0x200</run_address>
         <size>0x0</size>
         <input_file_ref idref="fl-8"/>
      </object_component>
      <object_component id="oc-a1">
         <name>.stack</name>
         <uninitialized>true</uninitialized>
         <run_address>0x200</run_address>
         <size>0x0</size>
      </object_component>
      <object_component id="oc-10">
         <name>.const:.string</name>
         <load_address>0x400</load_address>
         <run_address>0x400</run_address>
         <size>0x13c</size>
         <input_file_ref idref="fl-3"/>
      </object_component>
      <object_component id="oc-30">
         <name>.const:.string</name>
         <load_address>0x53c</load_address>
         <run_address>0x53c</run_address>
         <size>0x28</size>
         <input_file_ref idref="fl-d"/>
      </object_component>
      <object_component id="oc-45">
         <name>.const:.string</name>
         <load_address>0x564</load_address>
         <run_address>0x564</run_address>
         <size>0x4</size>
         <input_file_ref idref="fl-12"/>
      </object_component>
      <object_component id="oc-a">
         <name>.debug_info</name>
         <load_address>0x0</load_address>
         <run_address>0x0</run_address>
         <size>0x12c</size>
         <input_file_ref idref="fl-2"/>
      </object_component>
      <object_component id="oc-f">
         <name>.debug_info</name>
         <load_address>0x12c</load_address>
         <run_address>0x12c</run_address>
         <size>0x611</size>
         <input_file_ref idref="fl-3"/>
      </object_component>
      <object_component id="oc-15">
         <name>.debug_info</name>
         <load_address>0x73d</load_address>
         <run_address>0x73d</run_address>
         <size>0xe8</size>
         <input_file_ref idref="fl-8"/>
      </object_component>
      <object_component id="oc-1a">
         <name>.debug_info</name>
         <load_address>0x825</load_address>
         <run_address>0x825</run_address>
         <size>0x5fb</size>
         <input_file_ref idref="fl-9"/>
      </object_component>
      <object_component id="oc-20">
         <name>.debug_info</name>
         <load_address>0xe20</load_address>
         <run_address>0xe20</run_address>
         <size>0x76c</size>
         <input_file_ref idref="fl-a"/>
      </object_component>
      <object_component id="oc-25">
         <name>.debug_info</name>
         <load_address>0x158c</load_address>
         <run_address>0x158c</run_address>
         <size>0xbc</size>
         <input_file_ref idref="fl-b"/>
      </object_component>
      <object_component id="oc-2a">
         <name>.debug_info</name>
         <load_address>0x1648</load_address>
         <run_address>0x1648</run_address>
         <size>0x5bc</size>
         <input_file_ref idref="fl-c"/>
      </object_component>
      <object_component id="oc-2f">
         <name>.debug_info</name>
         <load_address>0x1c04</load_address>
         <run_address>0x1c04</run_address>
         <size>0xf78</size>
         <input_file_ref idref="fl-d"/>
      </object_component>
      <object_component id="oc-34">
         <name>.debug_info</name>
         <load_address>0x2b7c</load_address>
         <run_address>0x2b7c</run_address>
         <size>0x586</size>
         <input_file_ref idref="fl-e"/>
      </object_component>
      <object_component id="oc-38">
         <name>.debug_info</name>
         <load_address>0x3102</load_address>
         <run_address>0x3102</run_address>
         <size>0xcd</size>
         <input_file_ref idref="fl-f"/>
      </object_component>
      <object_component id="oc-3c">
         <name>.debug_info</name>
         <load_address>0x31cf</load_address>
         <run_address>0x31cf</run_address>
         <size>0x57e</size>
         <input_file_ref idref="fl-10"/>
      </object_component>
      <object_component id="oc-40">
         <name>.debug_info</name>
         <load_address>0x374d</load_address>
         <run_address>0x374d</run_address>
         <size>0x6aa</size>
         <input_file_ref idref="fl-11"/>
      </object_component>
      <object_component id="oc-44">
         <name>.debug_info</name>
         <load_address>0x3df7</load_address>
         <run_address>0x3df7</run_address>
         <size>0x942</size>
         <input_file_ref idref="fl-12"/>
      </object_component>
      <object_component id="oc-4a">
         <name>.debug_info</name>
         <load_address>0x4739</load_address>
         <run_address>0x4739</run_address>
         <size>0x144b</size>
         <input_file_ref idref="fl-13"/>
      </object_component>
      <object_component id="oc-4f">
         <name>.debug_info</name>
         <load_address>0x5b84</load_address>
         <run_address>0x5b84</run_address>
         <size>0x574</size>
         <input_file_ref idref="fl-14"/>
      </object_component>
      <object_component id="oc-53">
         <name>.debug_info</name>
         <load_address>0x60f8</load_address>
         <run_address>0x60f8</run_address>
         <size>0xd1</size>
         <input_file_ref idref="fl-15"/>
      </object_component>
      <object_component id="oc-58">
         <name>.debug_info</name>
         <load_address>0x61c9</load_address>
         <run_address>0x61c9</run_address>
         <size>0xed4</size>
         <input_file_ref idref="fl-16"/>
      </object_component>
      <object_component id="oc-5c">
         <name>.debug_info</name>
         <load_address>0x709d</load_address>
         <run_address>0x709d</run_address>
         <size>0x744</size>
         <input_file_ref idref="fl-17"/>
      </object_component>
      <object_component id="oc-62">
         <name>.debug_info</name>
         <load_address>0x77e1</load_address>
         <run_address>0x77e1</run_address>
         <size>0xef</size>
         <input_file_ref idref="fl-18"/>
      </object_component>
      <object_component id="oc-66">
         <name>.debug_info</name>
         <load_address>0x78d0</load_address>
         <run_address>0x78d0</run_address>
         <size>0x662</size>
         <input_file_ref idref="fl-19"/>
      </object_component>
      <object_component id="oc-6a">
         <name>.debug_info</name>
         <load_address>0x7f32</load_address>
         <run_address>0x7f32</run_address>
         <size>0x706</size>
         <input_file_ref idref="fl-1a"/>
      </object_component>
      <object_component id="oc-6e">
         <name>.debug_info</name>
         <load_address>0x8638</load_address>
         <run_address>0x8638</run_address>
         <size>0x5f7</size>
         <input_file_ref idref="fl-1b"/>
      </object_component>
      <object_component id="oc-72">
         <name>.debug_info</name>
         <load_address>0x8c2f</load_address>
         <run_address>0x8c2f</run_address>
         <size>0x64a</size>
         <input_file_ref idref="fl-1c"/>
      </object_component>
      <object_component id="oc-77">
         <name>.debug_info</name>
         <load_address>0x9279</load_address>
         <run_address>0x9279</run_address>
         <size>0xa1c</size>
         <input_file_ref idref="fl-1d"/>
      </object_component>
      <object_component id="oc-7d">
         <name>.debug_info</name>
         <load_address>0x9c95</load_address>
         <run_address>0x9c95</run_address>
         <size>0xb97</size>
         <input_file_ref idref="fl-1e"/>
      </object_component>
      <object_component id="oc-83">
         <name>.debug_info</name>
         <load_address>0xa82c</load_address>
         <run_address>0xa82c</run_address>
         <size>0x64f</size>
         <input_file_ref idref="fl-1f"/>
      </object_component>
      <object_component id="oc-87">
         <name>.debug_info</name>
         <load_address>0xae7b</load_address>
         <run_address>0xae7b</run_address>
         <size>0x510</size>
         <input_file_ref idref="fl-20"/>
      </object_component>
      <object_component id="oc-a5">
         <name>.debug_info</name>
         <load_address>0xb38b</load_address>
         <run_address>0xb38b</run_address>
         <size>0x6e</size>
      </object_component>
      <object_component id="oc-b">
         <name>.debug_line</name>
         <load_address>0x0</load_address>
         <run_address>0x0</run_address>
         <size>0x5a</size>
         <input_file_ref idref="fl-2"/>
      </object_component>
      <object_component id="oc-12">
         <name>.debug_line</name>
         <load_address>0x5a</load_address>
         <run_address>0x5a</run_address>
         <size>0x49</size>
         <input_file_ref idref="fl-3"/>
      </object_component>
      <object_component id="oc-16">
         <name>.debug_line</name>
         <load_address>0xa3</load_address>
         <run_address>0xa3</run_address>
         <size>0x54</size>
         <input_file_ref idref="fl-8"/>
      </object_component>
      <object_component id="oc-1d">
         <name>.debug_line</name>
         <load_address>0xf7</load_address>
         <run_address>0xf7</run_address>
         <size>0x51</size>
         <input_file_ref idref="fl-9"/>
      </object_component>
      <object_component id="oc-21">
         <name>.debug_line</name>
         <load_address>0x148</load_address>
         <run_address>0x148</run_address>
         <size>0x69</size>
         <input_file_ref idref="fl-a"/>
      </object_component>
      <object_component id="oc-26">
         <name>.debug_line</name>
         <load_address>0x1b1</load_address>
         <run_address>0x1b1</run_address>
         <size>0x37</size>
         <input_file_ref idref="fl-b"/>
      </object_component>
      <object_component id="oc-2c">
         <name>.debug_line</name>
         <load_address>0x1e8</load_address>
         <run_address>0x1e8</run_address>
         <size>0x57</size>
         <input_file_ref idref="fl-c"/>
      </object_component>
      <object_component id="oc-31">
         <name>.debug_line</name>
         <load_address>0x23f</load_address>
         <run_address>0x23f</run_address>
         <size>0x146</size>
         <input_file_ref idref="fl-d"/>
      </object_component>
      <object_component id="oc-35">
         <name>.debug_line</name>
         <load_address>0x385</load_address>
         <run_address>0x385</run_address>
         <size>0x41</size>
         <input_file_ref idref="fl-e"/>
      </object_component>
      <object_component id="oc-39">
         <name>.debug_line</name>
         <load_address>0x3c6</load_address>
         <run_address>0x3c6</run_address>
         <size>0x55</size>
         <input_file_ref idref="fl-f"/>
      </object_component>
      <object_component id="oc-41">
         <name>.debug_line</name>
         <load_address>0x41b</load_address>
         <run_address>0x41b</run_address>
         <size>0x56</size>
         <input_file_ref idref="fl-11"/>
      </object_component>
      <object_component id="oc-46">
         <name>.debug_line</name>
         <load_address>0x471</load_address>
         <run_address>0x471</run_address>
         <size>0xa8</size>
         <input_file_ref idref="fl-12"/>
      </object_component>
      <object_component id="oc-4c">
         <name>.debug_line</name>
         <load_address>0x519</load_address>
         <run_address>0x519</run_address>
         <size>0x1b0</size>
         <input_file_ref idref="fl-13"/>
      </object_component>
      <object_component id="oc-50">
         <name>.debug_line</name>
         <load_address>0x6c9</load_address>
         <run_address>0x6c9</run_address>
         <size>0x3c</size>
         <input_file_ref idref="fl-14"/>
      </object_component>
      <object_component id="oc-54">
         <name>.debug_line</name>
         <load_address>0x705</load_address>
         <run_address>0x705</run_address>
         <size>0x4d</size>
         <input_file_ref idref="fl-15"/>
      </object_component>
      <object_component id="oc-59">
         <name>.debug_line</name>
         <load_address>0x752</load_address>
         <run_address>0x752</run_address>
         <size>0x15d</size>
         <input_file_ref idref="fl-16"/>
      </object_component>
      <object_component id="oc-5f">
         <name>.debug_line</name>
         <load_address>0x8af</load_address>
         <run_address>0x8af</run_address>
         <size>0x6a</size>
         <input_file_ref idref="fl-17"/>
      </object_component>
      <object_component id="oc-63">
         <name>.debug_line</name>
         <load_address>0x919</load_address>
         <run_address>0x919</run_address>
         <size>0x58</size>
         <input_file_ref idref="fl-18"/>
      </object_component>
      <object_component id="oc-67">
         <name>.debug_line</name>
         <load_address>0x971</load_address>
         <run_address>0x971</run_address>
         <size>0x57</size>
         <input_file_ref idref="fl-19"/>
      </object_component>
      <object_component id="oc-6b">
         <name>.debug_line</name>
         <load_address>0x9c8</load_address>
         <run_address>0x9c8</run_address>
         <size>0x5b</size>
         <input_file_ref idref="fl-1a"/>
      </object_component>
      <object_component id="oc-6f">
         <name>.debug_line</name>
         <load_address>0xa23</load_address>
         <run_address>0xa23</run_address>
         <size>0x3c</size>
         <input_file_ref idref="fl-1b"/>
      </object_component>
      <object_component id="oc-73">
         <name>.debug_line</name>
         <load_address>0xa5f</load_address>
         <run_address>0xa5f</run_address>
         <size>0x3f</size>
         <input_file_ref idref="fl-1c"/>
      </object_component>
      <object_component id="oc-79">
         <name>.debug_line</name>
         <load_address>0xa9e</load_address>
         <run_address>0xa9e</run_address>
         <size>0xd7</size>
         <input_file_ref idref="fl-1d"/>
      </object_component>
      <object_component id="oc-80">
         <name>.debug_line</name>
         <load_address>0xb75</load_address>
         <run_address>0xb75</run_address>
         <size>0x112</size>
         <input_file_ref idref="fl-1e"/>
      </object_component>
      <object_component id="oc-84">
         <name>.debug_line</name>
         <load_address>0xc87</load_address>
         <run_address>0xc87</run_address>
         <size>0x3d</size>
         <input_file_ref idref="fl-1f"/>
      </object_component>
      <object_component id="oc-88">
         <name>.debug_line</name>
         <load_address>0xcc4</load_address>
         <run_address>0xcc4</run_address>
         <size>0x39</size>
         <input_file_ref idref="fl-20"/>
      </object_component>
      <object_component id="oc-c">
         <name>.debug_abbrev</name>
         <load_address>0x0</load_address>
         <run_address>0x0</run_address>
         <size>0x3a</size>
         <input_file_ref idref="fl-2"/>
      </object_component>
      <object_component id="oc-13">
         <name>.debug_abbrev</name>
         <load_address>0x3a</load_address>
         <run_address>0x3a</run_address>
         <size>0xec</size>
         <input_file_ref idref="fl-3"/>
      </object_component>
      <object_component id="oc-17">
         <name>.debug_abbrev</name>
         <load_address>0x126</load_address>
         <run_address>0x126</run_address>
         <size>0x3a</size>
         <input_file_ref idref="fl-8"/>
      </object_component>
      <object_component id="oc-1e">
         <name>.debug_abbrev</name>
         <load_address>0x160</load_address>
         <run_address>0x160</run_address>
         <size>0xf7</size>
         <input_file_ref idref="fl-9"/>
      </object_component>
      <object_component id="oc-22">
         <name>.debug_abbrev</name>
         <load_address>0x257</load_address>
         <run_address>0x257</run_address>
         <size>0x145</size>
         <input_file_ref idref="fl-a"/>
      </object_component>
      <object_component id="oc-27">
         <name>.debug_abbrev</name>
         <load_address>0x39c</load_address>
         <run_address>0x39c</run_address>
         <size>0x26</size>
         <input_file_ref idref="fl-b"/>
      </object_component>
      <object_component id="oc-2d">
         <name>.debug_abbrev</name>
         <load_address>0x3c2</load_address>
         <run_address>0x3c2</run_address>
         <size>0x9f</size>
         <input_file_ref idref="fl-c"/>
      </object_component>
      <object_component id="oc-32">
         <name>.debug_abbrev</name>
         <load_address>0x461</load_address>
         <run_address>0x461</run_address>
         <size>0x199</size>
         <input_file_ref idref="fl-d"/>
      </object_component>
      <object_component id="oc-36">
         <name>.debug_abbrev</name>
         <load_address>0x5fa</load_address>
         <run_address>0x5fa</run_address>
         <size>0xec</size>
         <input_file_ref idref="fl-e"/>
      </object_component>
      <object_component id="oc-3a">
         <name>.debug_abbrev</name>
         <load_address>0x6e6</load_address>
         <run_address>0x6e6</run_address>
         <size>0x44</size>
         <input_file_ref idref="fl-f"/>
      </object_component>
      <object_component id="oc-3e">
         <name>.debug_abbrev</name>
         <load_address>0x72a</load_address>
         <run_address>0x72a</run_address>
         <size>0x83</size>
         <input_file_ref idref="fl-10"/>
      </object_component>
      <object_component id="oc-42">
         <name>.debug_abbrev</name>
         <load_address>0x7ad</load_address>
         <run_address>0x7ad</run_address>
         <size>0x103</size>
         <input_file_ref idref="fl-11"/>
      </object_component>
      <object_component id="oc-47">
         <name>.debug_abbrev</name>
         <load_address>0x8b0</load_address>
         <run_address>0x8b0</run_address>
         <size>0x140</size>
         <input_file_ref idref="fl-12"/>
      </object_component>
      <object_component id="oc-4d">
         <name>.debug_abbrev</name>
         <load_address>0x9f0</load_address>
         <run_address>0x9f0</run_address>
         <size>0x225</size>
         <input_file_ref idref="fl-13"/>
      </object_component>
      <object_component id="oc-51">
         <name>.debug_abbrev</name>
         <load_address>0xc15</load_address>
         <run_address>0xc15</run_address>
         <size>0xb7</size>
         <input_file_ref idref="fl-14"/>
      </object_component>
      <object_component id="oc-55">
         <name>.debug_abbrev</name>
         <load_address>0xccc</load_address>
         <run_address>0xccc</run_address>
         <size>0x38</size>
         <input_file_ref idref="fl-15"/>
      </object_component>
      <object_component id="oc-5a">
         <name>.debug_abbrev</name>
         <load_address>0xd04</load_address>
         <run_address>0xd04</run_address>
         <size>0x15a</size>
         <input_file_ref idref="fl-16"/>
      </object_component>
      <object_component id="oc-60">
         <name>.debug_abbrev</name>
         <load_address>0xe5e</load_address>
         <run_address>0xe5e</run_address>
         <size>0xde</size>
         <input_file_ref idref="fl-17"/>
      </object_component>
      <object_component id="oc-64">
         <name>.debug_abbrev</name>
         <load_address>0xf3c</load_address>
         <run_address>0xf3c</run_address>
         <size>0x38</size>
         <input_file_ref idref="fl-18"/>
      </object_component>
      <object_component id="oc-68">
         <name>.debug_abbrev</name>
         <load_address>0xf74</load_address>
         <run_address>0xf74</run_address>
         <size>0xd1</size>
         <input_file_ref idref="fl-19"/>
      </object_component>
      <object_component id="oc-6c">
         <name>.debug_abbrev</name>
         <load_address>0x1045</load_address>
         <run_address>0x1045</run_address>
         <size>0x136</size>
         <input_file_ref idref="fl-1a"/>
      </object_component>
      <object_component id="oc-70">
         <name>.debug_abbrev</name>
         <load_address>0x117b</load_address>
         <run_address>0x117b</run_address>
         <size>0xd1</size>
         <input_file_ref idref="fl-1b"/>
      </object_component>
      <object_component id="oc-74">
         <name>.debug_abbrev</name>
         <load_address>0x124c</load_address>
         <run_address>0x124c</run_address>
         <size>0x10b</size>
         <input_file_ref idref="fl-1c"/>
      </object_component>
      <object_component id="oc-7a">
         <name>.debug_abbrev</name>
         <load_address>0x1357</load_address>
         <run_address>0x1357</run_address>
         <size>0x1a2</size>
         <input_file_ref idref="fl-1d"/>
      </object_component>
      <object_component id="oc-81">
         <name>.debug_abbrev</name>
         <load_address>0x14f9</load_address>
         <run_address>0x14f9</run_address>
         <size>0x1de</size>
         <input_file_ref idref="fl-1e"/>
      </object_component>
      <object_component id="oc-85">
         <name>.debug_abbrev</name>
         <load_address>0x16d7</load_address>
         <run_address>0x16d7</run_address>
         <size>0x118</size>
         <input_file_ref idref="fl-1f"/>
      </object_component>
      <object_component id="oc-89">
         <name>.debug_abbrev</name>
         <load_address>0x17ef</load_address>
         <run_address>0x17ef</run_address>
         <size>0xbf</size>
         <input_file_ref idref="fl-20"/>
      </object_component>
      <object_component id="oc-a6">
         <name>.debug_abbrev</name>
         <load_address>0x18ae</load_address>
         <run_address>0x18ae</run_address>
         <size>0xd</size>
      </object_component>
      <object_component id="oc-11">
         <name>.debug_frame</name>
         <load_address>0x0</load_address>
         <run_address>0x0</run_address>
         <size>0xe5</size>
         <input_file_ref idref="fl-3"/>
      </object_component>
      <object_component id="oc-24">
         <name>vectors</name>
         <load_address>0x100</load_address>
         <run_address>0x100</run_address>
         <size>0x100</size>
         <input_file_ref idref="fl-b"/>
      </object_component>
      <object_component id="oc-5d">
         <name>.cio</name>
         <uninitialized>true</uninitialized>
         <run_address>0x968</run_address>
         <size>0x240</size>
         <input_file_ref idref="fl-17"/>
      </object_component>
      <object_component id="oc-7f">
         <name>.sysmem</name>
         <uninitialized>true</uninitialized>
         <run_address>0x568</run_address>
         <size>0x0</size>
         <input_file_ref idref="fl-1e"/>
      </object_component>
      <object_component id="oc-a2">
         <name>.sysmem</name>
         <uninitialized>true</uninitialized>
         <run_address>0x568</run_address>
         <size>0x0</size>
      </object_component>
      <object_component id="oc-8a">
         <name>.sysstack</name>
         <uninitialized>true</uninitialized>
         <run_address>0xba8</run_address>
         <size>0x0</size>
         <input_file_ref idref="fl-8"/>
      </object_component>
      <object_component id="oc-a3">
         <name>.sysstack</name>
         <uninitialized>true</uninitialized>
         <run_address>0xba8</run_address>
         <size>0x0</size>
      </object_component>
   </object_component_list>
   <logical_group_list>
      <logical_group id="lg-2">
         <name>.cinit</name>
         <load_address>0x1267a</load_address>
         <run_address>0x1267a</run_address>
         <size>0xe8</size>
         <contents>
            <object_component_ref idref="oc-4b"/>
            <object_component_ref idref="oc-3d"/>
            <object_component_ref idref="oc-2b"/>
            <object_component_ref idref="oc-1b"/>
            <object_component_ref idref="oc-78"/>
            <object_component_ref idref="oc-7e"/>
         </contents>
      </logical_group>
      <logical_group id="lg-3">
         <name>.bss</name>
         <run_address>0x11f48</run_address>
         <size>0x732</size>
         <contents>
            <object_component_ref idref="oc-9"/>
            <object_component_ref idref="oc-e"/>
            <object_component_ref idref="oc-19"/>
            <object_component_ref idref="oc-29"/>
            <object_component_ref idref="oc-3b"/>
            <object_component_ref idref="oc-49"/>
            <object_component_ref idref="oc-57"/>
            <object_component_ref idref="oc-76"/>
            <object_component_ref idref="oc-7c"/>
         </contents>
      </logical_group>
      <logical_group id="lg-4">
         <name>.text</name>
         <load_address>0x10000</load_address>
         <run_address>0x10000</run_address>
         <size>0x1f46</size>
         <contents>
            <object_component_ref idref="oc-48"/>
            <object_component_ref idref="oc-56"/>
            <object_component_ref idref="oc-7b"/>
            <object_component_ref idref="oc-2e"/>
            <object_component_ref idref="oc-75"/>
            <object_component_ref idref="oc-43"/>
            <object_component_ref idref="oc-71"/>
            <object_component_ref idref="oc-65"/>
            <object_component_ref idref="oc-69"/>
            <object_component_ref idref="oc-5e"/>
            <object_component_ref idref="oc-3f"/>
            <object_component_ref idref="oc-d"/>
            <object_component_ref idref="oc-82"/>
            <object_component_ref idref="oc-5b"/>
            <object_component_ref idref="oc-6d"/>
            <object_component_ref idref="oc-8"/>
            <object_component_ref idref="oc-1f"/>
            <object_component_ref idref="oc-37"/>
            <object_component_ref idref="oc-33"/>
            <object_component_ref idref="oc-52"/>
            <object_component_ref idref="oc-18"/>
            <object_component_ref idref="oc-7"/>
            <object_component_ref idref="oc-61"/>
            <object_component_ref idref="oc-4e"/>
            <object_component_ref idref="oc-28"/>
            <object_component_ref idref="oc-86"/>
            <object_component_ref idref="oc-1c"/>
            <object_component_ref idref="oc-23"/>
         </contents>
      </logical_group>
      <logical_group id="lg-5">
         <name>.stack</name>
         <run_address>0x200</run_address>
         <size>0x200</size>
         <contents>
            <object_component_ref idref="oc-14"/>
            <object_component_ref idref="oc-a1"/>
         </contents>
      </logical_group>
      <logical_group id="lg-6">
         <name>.const</name>
         <load_address>0x400</load_address>
         <run_address>0x400</run_address>
         <size>0x168</size>
         <contents>
            <object_component_ref idref="oc-10"/>
            <object_component_ref idref="oc-30"/>
            <object_component_ref idref="oc-45"/>
         </contents>
      </logical_group>
      <logical_group id="lg-90">
         <name>.debug_info</name>
         <load_address>0x0</load_address>
         <run_address>0x0</run_address>
         <size>0xb3f9</size>
         <contents>
            <object_component_ref idref="oc-a"/>
            <object_component_ref idref="oc-f"/>
            <object_component_ref idref="oc-15"/>
            <object_component_ref idref="oc-1a"/>
            <object_component_ref idref="oc-20"/>
            <object_component_ref idref="oc-25"/>
            <object_component_ref idref="oc-2a"/>
            <object_component_ref idref="oc-2f"/>
            <object_component_ref idref="oc-34"/>
            <object_component_ref idref="oc-38"/>
            <object_component_ref idref="oc-3c"/>
            <object_component_ref idref="oc-40"/>
            <object_component_ref idref="oc-44"/>
            <object_component_ref idref="oc-4a"/>
            <object_component_ref idref="oc-4f"/>
            <object_component_ref idref="oc-53"/>
            <object_component_ref idref="oc-58"/>
            <object_component_ref idref="oc-5c"/>
            <object_component_ref idref="oc-62"/>
            <object_component_ref idref="oc-66"/>
            <object_component_ref idref="oc-6a"/>
            <object_component_ref idref="oc-6e"/>
            <object_component_ref idref="oc-72"/>
            <object_component_ref idref="oc-77"/>
            <object_component_ref idref="oc-7d"/>
            <object_component_ref idref="oc-83"/>
            <object_component_ref idref="oc-87"/>
            <object_component_ref idref="oc-a5"/>
         </contents>
      </logical_group>
      <logical_group id="lg-92">
         <name>.debug_line</name>
         <load_address>0x0</load_address>
         <run_address>0x0</run_address>
         <size>0xcfd</size>
         <contents>
            <object_component_ref idref="oc-b"/>
            <object_component_ref idref="oc-12"/>
            <object_component_ref idref="oc-16"/>
            <object_component_ref idref="oc-1d"/>
            <object_component_ref idref="oc-21"/>
            <object_component_ref idref="oc-26"/>
            <object_component_ref idref="oc-2c"/>
            <object_component_ref idref="oc-31"/>
            <object_component_ref idref="oc-35"/>
            <object_component_ref idref="oc-39"/>
            <object_component_ref idref="oc-41"/>
            <object_component_ref idref="oc-46"/>
            <object_component_ref idref="oc-4c"/>
            <object_component_ref idref="oc-50"/>
            <object_component_ref idref="oc-54"/>
            <object_component_ref idref="oc-59"/>
            <object_component_ref idref="oc-5f"/>
            <object_component_ref idref="oc-63"/>
            <object_component_ref idref="oc-67"/>
            <object_component_ref idref="oc-6b"/>
            <object_component_ref idref="oc-6f"/>
            <object_component_ref idref="oc-73"/>
            <object_component_ref idref="oc-79"/>
            <object_component_ref idref="oc-80"/>
            <object_component_ref idref="oc-84"/>
            <object_component_ref idref="oc-88"/>
         </contents>
      </logical_group>
      <logical_group id="lg-94">
         <name>.debug_abbrev</name>
         <load_address>0x0</load_address>
         <run_address>0x0</run_address>
         <size>0x18bb</size>
         <contents>
            <object_component_ref idref="oc-c"/>
            <object_component_ref idref="oc-13"/>
            <object_component_ref idref="oc-17"/>
            <object_component_ref idref="oc-1e"/>
            <object_component_ref idref="oc-22"/>
            <object_component_ref idref="oc-27"/>
            <object_component_ref idref="oc-2d"/>
            <object_component_ref idref="oc-32"/>
            <object_component_ref idref="oc-36"/>
            <object_component_ref idref="oc-3a"/>
            <object_component_ref idref="oc-3e"/>
            <object_component_ref idref="oc-42"/>
            <object_component_ref idref="oc-47"/>
            <object_component_ref idref="oc-4d"/>
            <object_component_ref idref="oc-51"/>
            <object_component_ref idref="oc-55"/>
            <object_component_ref idref="oc-5a"/>
            <object_component_ref idref="oc-60"/>
            <object_component_ref idref="oc-64"/>
            <object_component_ref idref="oc-68"/>
            <object_component_ref idref="oc-6c"/>
            <object_component_ref idref="oc-70"/>
            <object_component_ref idref="oc-74"/>
            <object_component_ref idref="oc-7a"/>
            <object_component_ref idref="oc-81"/>
            <object_component_ref idref="oc-85"/>
            <object_component_ref idref="oc-89"/>
            <object_component_ref idref="oc-a6"/>
         </contents>
      </logical_group>
      <logical_group id="lg-96">
         <name>.debug_frame</name>
         <load_address>0x0</load_address>
         <run_address>0x0</run_address>
         <size>0xe5</size>
         <contents>
            <object_component_ref idref="oc-11"/>
         </contents>
      </logical_group>
      <logical_group id="lg-98">
         <name>vectors</name>
         <load_address>0x100</load_address>
         <run_address>0x100</run_address>
         <size>0x100</size>
         <contents>
            <object_component_ref idref="oc-24"/>
         </contents>
      </logical_group>
      <logical_group id="lg-9a">
         <name>.cio</name>
         <run_address>0x968</run_address>
         <size>0x240</size>
         <contents>
            <object_component_ref idref="oc-5d"/>
         </contents>
      </logical_group>
      <logical_group id="lg-9c">
         <name>.sysmem</name>
         <run_address>0x568</run_address>
         <size>0x400</size>
         <contents>
            <object_component_ref idref="oc-7f"/>
            <object_component_ref idref="oc-a2"/>
         </contents>
      </logical_group>
      <logical_group id="lg-9e">
         <name>.sysstack</name>
         <run_address>0xba8</run_address>
         <size>0x200</size>
         <contents>
            <object_component_ref idref="oc-8a"/>
            <object_component_ref idref="oc-a3"/>
         </contents>
      </logical_group>
   </logical_group_list>
   <placement_map>
      <memory_area>
         <name>VECT</name>
         <page_id>0x0</page_id>
         <origin>0x100</origin>
         <length>0x100</length>
         <used_space>0x100</used_space>
         <unused_space>0x0</unused_space>
         <attributes>RWIX</attributes>
         <usage_details>
            <allocated_space>
               <start_address>0x100</start_address>
               <size>0x100</size>
               <logical_group_ref idref="lg-98"/>
            </allocated_space>
         </usage_details>
      </memory_area>
      <memory_area>
         <name>DARAM</name>
         <page_id>0x0</page_id>
         <origin>0x200</origin>
         <length>0x7e00</length>
         <used_space>0xba8</used_space>
         <unused_space>0x7258</unused_space>
         <attributes>RWIX</attributes>
         <usage_details>
            <allocated_space>
               <start_address>0x200</start_address>
               <size>0x200</size>
               <logical_group_ref idref="lg-5"/>
            </allocated_space>
            <allocated_space>
               <start_address>0x400</start_address>
               <size>0x168</size>
               <logical_group_ref idref="lg-6"/>
            </allocated_space>
            <allocated_space>
               <start_address>0x568</start_address>
               <size>0x400</size>
               <logical_group_ref idref="lg-9c"/>
            </allocated_space>
            <allocated_space>
               <start_address>0x968</start_address>
               <size>0x240</size>
               <logical_group_ref idref="lg-9a"/>
            </allocated_space>
            <allocated_space>
               <start_address>0xba8</start_address>
               <size>0x200</size>
               <logical_group_ref idref="lg-9e"/>
            </allocated_space>
            <available_space>
               <start_address>0xda8</start_address>
               <size>0x7258</size>
            </available_space>
         </usage_details>
      </memory_area>
      <memory_area>
         <name>SARAM</name>
         <page_id>0x0</page_id>
         <origin>0x10000</origin>
         <length>0x40000</length>
         <used_space>0x2760</used_space>
         <unused_space>0x3d8a0</unused_space>
         <attributes>RWIX</attributes>
         <usage_details>
            <allocated_space>
               <start_address>0x10000</start_address>
               <size>0x1f46</size>
               <logical_group_ref idref="lg-4"/>
            </allocated_space>
            <available_space>
               <start_address>0x11f46</start_address>
               <size>0x2</size>
            </available_space>
            <allocated_space>
               <start_address>0x11f48</start_address>
               <size>0x732</size>
               <logical_group_ref idref="lg-3"/>
            </allocated_space>
            <allocated_space>
               <start_address>0x1267a</start_address>
               <size>0xe8</size>
               <logical_group_ref idref="lg-2"/>
            </allocated_space>
            <available_space>
               <start_address>0x12762</start_address>
               <size>0x3d89e</size>
            </available_space>
         </usage_details>
      </memory_area>
   </placement_map>
   <symbol_table>
      <symbol id="sm-0">
         <name>$TI_capability$C5500$CallingConvention</name>
         <value>0x2</value>
      </symbol>
      <symbol id="sm-1">
         <name>$TI_capability$C5500$MemoryModel</name>
         <value>0x2</value>
      </symbol>
      <symbol id="sm-2">
         <name>$TI_capability_requires_rev2</name>
         <value>0x1</value>
      </symbol>
      <symbol id="sm-3">
         <name>cinit</name>
         <value>0x1267a</value>
      </symbol>
      <symbol id="sm-4">
         <name>___cinit__</name>
         <value>0x1267a</value>
      </symbol>
      <symbol id="sm-5">
         <name>pinit</name>
         <value>0xffffffff</value>
      </symbol>
      <symbol id="sm-6">
         <name>___pinit__</name>
         <value>0xffffffff</value>
      </symbol>
      <symbol id="sm-7">
         <name>binit</name>
         <value>0xffffffff</value>
      </symbol>
      <symbol id="sm-8">
         <name>___binit__</name>
         <value>0xffffffff</value>
      </symbol>
      <symbol id="sm-9">
         <name>__STACK_SIZE</name>
         <value>0x200</value>
      </symbol>
      <symbol id="sm-a">
         <name>__STACK_END</name>
         <value>0x400</value>
      </symbol>
      <symbol id="sm-b">
         <name>__SYSMEM_SIZE</name>
         <value>0x400</value>
      </symbol>
      <symbol id="sm-c">
         <name>___c_args__</name>
         <value>0xffffffff</value>
      </symbol>
      <symbol id="sm-d">
         <name>__SYSSTACK_SIZE</name>
         <value>0x200</value>
      </symbol>
      <symbol id="sm-e">
         <name>.text</name>
         <value>0x10000</value>
      </symbol>
      <symbol id="sm-f">
         <name>___text__</name>
         <value>0x10000</value>
      </symbol>
      <symbol id="sm-10">
         <name>etext</name>
         <value>0x11f46</value>
      </symbol>
      <symbol id="sm-11">
         <name>___etext__</name>
         <value>0x11f46</value>
      </symbol>
      <symbol id="sm-12">
         <name>.bss</name>
         <value>0x11f48</value>
      </symbol>
      <symbol id="sm-13">
         <name>___bss__</name>
         <value>0x11f48</value>
      </symbol>
      <symbol id="sm-14">
         <name>end</name>
         <value>0x1267a</value>
      </symbol>
      <symbol id="sm-15">
         <name>___end__</name>
         <value>0x1267a</value>
      </symbol>
      <symbol id="sm-42">
         <name>_mySub</name>
         <value>0x11ce1</value>
         <object_component_ref idref="oc-8"/>
      </symbol>
      <symbol id="sm-43">
         <name>_k</name>
         <value>0x12678</value>
         <object_component_ref idref="oc-9"/>
      </symbol>
      <symbol id="sm-56">
         <name>_main</name>
         <value>0x11aee</value>
         <object_component_ref idref="oc-d"/>
      </symbol>
      <symbol id="sm-57">
         <name>_buffer1</name>
         <value>0x11f48</value>
         <object_component_ref idref="oc-e"/>
      </symbol>
      <symbol id="sm-58">
         <name>_buffer3</name>
         <value>0x120d8</value>
         <object_component_ref idref="oc-e"/>
      </symbol>
      <symbol id="sm-59">
         <name>_buffer2</name>
         <value>0x12010</value>
         <object_component_ref idref="oc-e"/>
      </symbol>
      <symbol id="sm-65">
         <name>__sysstack</name>
         <value>0xba8</value>
         <object_component_ref idref="oc-8a"/>
      </symbol>
      <symbol id="sm-66">
         <name>_c_int00</name>
         <value>0x11e9f</value>
         <object_component_ref idref="oc-7"/>
      </symbol>
      <symbol id="sm-67">
         <name>__stack</name>
         <value>0x200</value>
         <object_component_ref idref="oc-14"/>
      </symbol>
      <symbol id="sm-77">
         <name>C$$EXIT</name>
         <value>0x11f3d</value>
         <object_component_ref idref="oc-1c"/>
      </symbol>
      <symbol id="sm-78">
         <name>_exit</name>
         <value>0x11e61</value>
         <object_component_ref idref="oc-18"/>
      </symbol>
      <symbol id="sm-79">
         <name>_abort</name>
         <value>0x11f3c</value>
         <object_component_ref idref="oc-1c"/>
      </symbol>
      <symbol id="sm-7a">
         <name>__cleanup_ptr</name>
         <value>0x1266c</value>
         <object_component_ref idref="oc-19"/>
      </symbol>
      <symbol id="sm-7b">
         <name>__dtors_ptr</name>
         <value>0x12670</value>
         <object_component_ref idref="oc-19"/>
      </symbol>
      <symbol id="sm-85">
         <name>_printf</name>
         <value>0x11d3a</value>
         <object_component_ref idref="oc-1f"/>
      </symbol>
      <symbol id="sm-8f">
         <name>_Reset</name>
         <value>0x100</value>
         <object_component_ref idref="oc-24"/>
      </symbol>
      <symbol id="sm-9d">
         <name>__unlock</name>
         <value>0x12668</value>
         <object_component_ref idref="oc-29"/>
      </symbol>
      <symbol id="sm-9e">
         <name>__lock</name>
         <value>0x12664</value>
         <object_component_ref idref="oc-29"/>
      </symbol>
      <symbol id="sm-9f">
         <name>__register_lock</name>
         <value>0x11f28</value>
         <object_component_ref idref="oc-28"/>
      </symbol>
      <symbol id="sm-a0">
         <name>__nop</name>
         <value>0x11f30</value>
         <object_component_ref idref="oc-28"/>
      </symbol>
      <symbol id="sm-a1">
         <name>__register_unlock</name>
         <value>0x11f20</value>
         <object_component_ref idref="oc-28"/>
      </symbol>
      <symbol id="sm-ad">
         <name>__printfi_minimal</name>
         <value>0x11236</value>
         <object_component_ref idref="oc-2e"/>
      </symbol>
      <symbol id="sm-b7">
         <name>__args_main</name>
         <value>0x11dd7</value>
         <object_component_ref idref="oc-33"/>
      </symbol>
      <symbol id="sm-b8">
         <name>__TI_args_main</name>
         <value>0x1</value>
      </symbol>
      <symbol id="sm-c0">
         <name>_auto_init</name>
         <value>0x11d8a</value>
         <object_component_ref idref="oc-37"/>
      </symbol>
      <symbol id="sm-ca">
         <name>__tmpnams</name>
         <value>0x12290</value>
         <object_component_ref idref="oc-3b"/>
      </symbol>
      <symbol id="sm-cb">
         <name>__ft_end</name>
         <value>0x123d0</value>
         <object_component_ref idref="oc-3b"/>
      </symbol>
      <symbol id="sm-cc">
         <name>__ftable</name>
         <value>0x121a0</value>
         <object_component_ref idref="oc-3b"/>
      </symbol>
      <symbol id="sm-d6">
         <name>_putchar</name>
         <value>0x11adf</value>
         <object_component_ref idref="oc-3f"/>
      </symbol>
      <symbol id="sm-d7">
         <name>_putc</name>
         <value>0x11a48</value>
         <object_component_ref idref="oc-3f"/>
      </symbol>
      <symbol id="sm-d8">
         <name>_fputc</name>
         <value>0x11a48</value>
         <object_component_ref idref="oc-3f"/>
      </symbol>
      <symbol id="sm-e6">
         <name>_puts</name>
         <value>0x116db</value>
         <object_component_ref idref="oc-43"/>
      </symbol>
      <symbol id="sm-e7">
         <name>_fputs</name>
         <value>0x115a6</value>
         <object_component_ref idref="oc-43"/>
      </symbol>
      <symbol id="sm-f9">
         <name>_add_device</name>
         <value>0x10453</value>
         <object_component_ref idref="oc-48"/>
      </symbol>
      <symbol id="sm-fa">
         <name>_rename</name>
         <value>0x10175</value>
         <object_component_ref idref="oc-48"/>
      </symbol>
      <symbol id="sm-fb">
         <name>_read</name>
         <value>0x10204</value>
         <object_component_ref idref="oc-48"/>
      </symbol>
      <symbol id="sm-fc">
         <name>_unlink</name>
         <value>0x10142</value>
         <object_component_ref idref="oc-48"/>
      </symbol>
      <symbol id="sm-fd">
         <name>_remove_device</name>
         <value>0x101ce</value>
         <object_component_ref idref="oc-48"/>
      </symbol>
      <symbol id="sm-fe">
         <name>_open</name>
         <value>0x102b2</value>
         <object_component_ref idref="oc-48"/>
      </symbol>
      <symbol id="sm-ff">
         <name>_find_registered_device</name>
         <value>0x103d7</value>
         <object_component_ref idref="oc-48"/>
      </symbol>
      <symbol id="sm-100">
         <name>_lseek</name>
         <value>0x10371</value>
         <object_component_ref idref="oc-48"/>
      </symbol>
      <symbol id="sm-101">
         <name>_close</name>
         <value>0x103e0</value>
         <object_component_ref idref="oc-48"/>
      </symbol>
      <symbol id="sm-102">
         <name>_write</name>
         <value>0x10000</value>
         <object_component_ref idref="oc-48"/>
      </symbol>
      <symbol id="sm-10d">
         <name>_memccpy</name>
         <value>0x11efd</value>
         <object_component_ref idref="oc-4e"/>
      </symbol>
      <symbol id="sm-115">
         <name>_memcpy</name>
         <value>0x11e22</value>
         <object_component_ref idref="oc-52"/>
      </symbol>
      <symbol id="sm-121">
         <name>_HOSTopen</name>
         <value>0x1084e</value>
         <object_component_ref idref="oc-56"/>
      </symbol>
      <symbol id="sm-122">
         <name>_HOSTread</name>
         <value>0x107c1</value>
         <object_component_ref idref="oc-56"/>
      </symbol>
      <symbol id="sm-123">
         <name>_HOSTtime</name>
         <value>0x106b5</value>
         <object_component_ref idref="oc-56"/>
      </symbol>
      <symbol id="sm-124">
         <name>_getenv</name>
         <value>0x10543</value>
         <object_component_ref idref="oc-56"/>
      </symbol>
      <symbol id="sm-125">
         <name>_HOSTrename</name>
         <value>0x10713</value>
         <object_component_ref idref="oc-56"/>
      </symbol>
      <symbol id="sm-126">
         <name>_HOSTclock</name>
         <value>0x10a0d</value>
         <object_component_ref idref="oc-56"/>
      </symbol>
      <symbol id="sm-127">
         <name>_HOSTwrite</name>
         <value>0x105be</value>
         <object_component_ref idref="oc-56"/>
      </symbol>
      <symbol id="sm-128">
         <name>_HOSTlseek</name>
         <value>0x108ed</value>
         <object_component_ref idref="oc-56"/>
      </symbol>
      <symbol id="sm-129">
         <name>_HOSTunlink</name>
         <value>0x1064b</value>
         <object_component_ref idref="oc-56"/>
      </symbol>
      <symbol id="sm-12a">
         <name>_HOSTclose</name>
         <value>0x109a2</value>
         <object_component_ref idref="oc-56"/>
      </symbol>
      <symbol id="sm-13c">
         <name>C$$IO$$</name>
         <value>0x11a43</value>
         <object_component_ref idref="oc-5e"/>
      </symbol>
      <symbol id="sm-13d">
         <name>__CIOBUF_</name>
         <value>0x968</value>
         <object_component_ref idref="oc-5d"/>
      </symbol>
      <symbol id="sm-13e">
         <name>_readmsg</name>
         <value>0x11c09</value>
         <object_component_ref idref="oc-5b"/>
      </symbol>
      <symbol id="sm-13f">
         <name>_writemsg</name>
         <value>0x1198e</value>
         <object_component_ref idref="oc-5e"/>
      </symbol>
      <symbol id="sm-147">
         <name>__remu</name>
         <value>0x11ee8</value>
         <object_component_ref idref="oc-61"/>
      </symbol>
      <symbol id="sm-148">
         <name>__divu</name>
         <value>0x11ed3</value>
         <object_component_ref idref="oc-61"/>
      </symbol>
      <symbol id="sm-149">
         <name>I$$UMOD</name>
         <value>0x11ee8</value>
         <object_component_ref idref="oc-61"/>
      </symbol>
      <symbol id="sm-14a">
         <name>I$$UDIV</name>
         <value>0x11ed3</value>
         <object_component_ref idref="oc-61"/>
      </symbol>
      <symbol id="sm-154">
         <name>__rd_ok</name>
         <value>0x1186f</value>
         <object_component_ref idref="oc-65"/>
      </symbol>
      <symbol id="sm-155">
         <name>__wrt_ok</name>
         <value>0x117ef</value>
         <object_component_ref idref="oc-65"/>
      </symbol>
      <symbol id="sm-15f">
         <name>__doflush</name>
         <value>0x118cc</value>
         <object_component_ref idref="oc-69"/>
      </symbol>
      <symbol id="sm-160">
         <name>_fflush</name>
         <value>0x11935</value>
         <object_component_ref idref="oc-69"/>
      </symbol>
      <symbol id="sm-16a">
         <name>_fseek</name>
         <value>0x11c76</value>
         <object_component_ref idref="oc-6d"/>
      </symbol>
      <symbol id="sm-174">
         <name>_setvbuf</name>
         <value>0x11709</value>
         <object_component_ref idref="oc-71"/>
      </symbol>
      <symbol id="sm-183">
         <name>__cleanup</name>
         <value>0x11448</value>
         <object_component_ref idref="oc-75"/>
      </symbol>
      <symbol id="sm-184">
         <name>_fopen</name>
         <value>0x1156b</value>
         <object_component_ref idref="oc-75"/>
      </symbol>
      <symbol id="sm-185">
         <name>_freopen</name>
         <value>0x114a2</value>
         <object_component_ref idref="oc-75"/>
      </symbol>
      <symbol id="sm-195">
         <name>__sys_memory</name>
         <value>0x568</value>
         <object_component_ref idref="oc-7f"/>
      </symbol>
      <symbol id="sm-196">
         <name>_chkheap</name>
         <value>0x10ef2</value>
         <object_component_ref idref="oc-7b"/>
      </symbol>
      <symbol id="sm-197">
         <name>_realloc</name>
         <value>0x10c91</value>
         <object_component_ref idref="oc-7b"/>
      </symbol>
      <symbol id="sm-198">
         <name>_free_memory</name>
         <value>0x10e9c</value>
         <object_component_ref idref="oc-7b"/>
      </symbol>
      <symbol id="sm-199">
         <name>_max_free</name>
         <value>0x10e42</value>
         <object_component_ref idref="oc-7b"/>
      </symbol>
      <symbol id="sm-19a">
         <name>_free</name>
         <value>0x10a6b</value>
         <object_component_ref idref="oc-7b"/>
      </symbol>
      <symbol id="sm-19b">
         <name>_calloc</name>
         <value>0x10efa</value>
         <object_component_ref idref="oc-7b"/>
      </symbol>
      <symbol id="sm-19c">
         <name>_malloc</name>
         <value>0x10b9c</value>
         <object_component_ref idref="oc-7b"/>
      </symbol>
      <symbol id="sm-19d">
         <name>_minit</name>
         <value>0x10b37</value>
         <object_component_ref idref="oc-7b"/>
      </symbol>
      <symbol id="sm-1a7">
         <name>_fclose</name>
         <value>0x11b8e</value>
         <object_component_ref idref="oc-82"/>
      </symbol>
      <symbol id="sm-1b1">
         <name>_remove</name>
         <value>0x11f32</value>
         <object_component_ref idref="oc-86"/>
      </symbol>
   </symbol_table>
</link_info>
