******************************************************************************
              TMS320C55x Linker PC v4.4.1                      
******************************************************************************
>> Linked Tue Dec 01 20:18:18 2020

OUTPUT FILE NAME:   <Lab06-C_ASM_student-v5.out>
ENTRY POINT SYMBOL: "_c_int00"  address: 00011e9f


MEMORY CONFIGURATION

         name            origin    length      used     unused   attr    fill
                        (bytes)   (bytes)    (bytes)   (bytes)
----------------------  --------  ---------  --------  --------  ----  --------
  VECT                  00000100   00000100  00000100  00000000  RWIX
  DARAM                 00000200   00007e00  00000ba8  00007258  RWIX
  SARAM                 00010000   00040000  00002760  0003d8a0  RWIX


SECTION ALLOCATION MAP
(Addresses surrounded by []'s are displayed for convenience only!)

output                                                          attributes/
section   page  orgn(bytes) orgn(words) len(bytes) len(words)   input sections
--------  ----  ----------- ----------- ---------- ----------   --------------
vectors      0     00000100  [ 00000080 ] 00000100          *   
                   00000100  [ 00000080 ] 00000100          *   rts55x.lib : vectors.obj (vectors)

.stack       0   [ 00000200 ]  00000100          *   00000100   UNINITIALIZED
                 [ 00000200 ]  00000100          *   00000100   --HOLE--

.const       0   [ 00000400 ]  00000200          *   000000b4   
                 [ 00000400 ]  00000200          *   0000009e   lab06.obj (.const:.string)
                 [ 0000053c ]  0000029e          *   00000014   rts55x.lib : _printfi_min.obj (.const:.string)
                 [ 00000564 ]  000002b2          *   00000002              : fputs.obj (.const:.string)

.sysmem      0   [ 00000568 ]  000002b4          *   00000200   UNINITIALIZED
                 [ 00000568 ]  000002b4          *   00000200   --HOLE--

.cio         0   [ 00000968 ]  000004b4          *   00000120   UNINITIALIZED
                 [ 00000968 ]  000004b4          *   00000120   rts55x.lib : trgmsg.obj (.cio)

.sysstack 
*            0   [ 00000ba8 ]  000005d4          *   00000100   UNINITIALIZED
                 [ 00000ba8 ]  000005d4          *   00000100   --HOLE--

.text        0     00010000  [ 00008000 ] 00001f46          *   
                   00010000  [ 00008000 ] 00000543          *   rts55x.lib : lowlev.obj (.text)
                   00010543  [ 000082a1+] 00000528          *              : trgdrv.obj (.text)
                   00010a6b  [ 00008535+] 000004b5          *              : memory.obj (.text)
                   00010f20  [ 00008790 ] 00000407          *              : _printfi_min.obj (.text)
                   00011327  [ 00008993+] 0000027f          *              : fopen.obj (.text)
                   000115a6  [ 00008ad3 ] 00000163          *              : fputs.obj (.text)
                   00011709  [ 00008b84+] 000000e6          *              : setvbuf.obj (.text)
                   000117ef  [ 00008bf7+] 000000dd          *              : _io_perm.obj (.text)
                   000118cc  [ 00008c66 ] 000000c2          *              : fflush.obj (.text)
                   0001198e  [ 00008cc7 ] 000000ba          *              : trgmsg.obj (.text:CIO_breakpoint)
                   00011a48  [ 00008d24 ] 000000a6          *              : fputc.obj (.text)
                   00011aee  [ 00008d77 ] 000000a0          *   lab06.obj (.text)
                   00011b8e  [ 00008dc7 ] 0000007b          *   rts55x.lib : fclose.obj (.text)
                   00011c09  [ 00008e04+] 0000006d          *              : trgmsg.obj (.text)
                   00011c76  [ 00008e3b ] 0000006b          *              : fseek.obj (.text)
                   00011ce1  [ 00008e70+] 00000059          *   mySub.obj (.text)
                   00011d3a  [ 00008e9d ] 00000050          *   rts55x.lib : printf.obj (.text)
                   00011d8a  [ 00008ec5 ] 0000004d          *              : autoinit.obj (.text)
                   00011dd7  [ 00008eeb+] 0000004b          *              : args_main.obj (.text)
                   00011e22  [ 00008f11 ] 0000003f          *              : memcpy.obj (.text)
                   00011e61  [ 00008f30+] 0000003e          *              : exit.obj (.text)
                   00011e9f  [ 00008f4f+] 00000034          *              : boot.obj (.text)
                   00011ed3  [ 00008f69+] 0000002a          *              : udiv.obj (.text)
                   00011efd  [ 00008f7e+] 00000023          *              : memccpy.obj (.text)
                   00011f20  [ 00008f90 ] 00000012          *              : _lock.obj (.text)
                   00011f32  [ 00008f99 ] 0000000a          *              : remove.obj (.text)
                   00011f3c  [ 00008f9e ] 00000007          *              : exit.obj (.text:CIO_breakpoint)
                   00011f43  [ 00008fa1+] 00000002          *              : vectors.obj (.text)
                   00011f45  [ 00008fa2 ] 00000001          *   --HOLE-- [fill = 20]

.bss         0   [ 00011f48 ]  00008fa4          *   00000399   UNINITIALIZED
                 [ 00011f48 ]  00008fa4          *   0000012c   lab06.obj (.bss)
                 [ 000121a0 ]  000090d0          *   00000119   rts55x.lib : defs.obj (.bss)
                 [ 000123d2 ]  000091e9          *   000000d0              : trgdrv.obj (.bss)
                 [ 00012572 ]  000092b9          *   00000001              : fopen.obj (.bss)
                 [ 00012574 ]  000092ba          *   00000071              : lowlev.obj (.bss)
                 [ 00012656 ]  0000932b          *   00000001   --HOLE--
                 [ 00012658 ]  0000932c          *   00000006              : memory.obj (.bss)
                 [ 00012664 ]  00009332          *   00000004              : _lock.obj (.bss)
                 [ 0001266c ]  00009336          *   00000004              : exit.obj (.bss)
                 [ 00012674 ]  0000933a          *   00000003   mySub.obj (.bss)

.cinit       0   [ 0001267a ]  0000933d          *   00000074   
                 [ 0001267a ]  0000933d          *   0000002d   rts55x.lib : lowlev.obj (.cinit)
                 [ 000126d4 ]  0000936a          *   0000002a              : defs.obj (.cinit)
                 [ 00012728 ]  00009394          *   0000000a              : _lock.obj (.cinit)
                 [ 0001273c ]  0000939e          *   0000000a              : exit.obj (.cinit)
                 [ 00012750 ]  000093a8          *   00000004              : fopen.obj (.cinit)
                 [ 00012758 ]  000093ac          *   00000004              : memory.obj (.cinit)
                 [ 00012760 ]  000093b0          *   00000001   --HOLE-- [fill = 0]


GLOBAL SYMBOLS: SORTED ALPHABETICALLY BY Name 

abs. value/
byte addr   word addr   name
---------   ---------   ----
00000002                $TI_capability$C5500$CallingConvention
00000002                $TI_capability$C5500$MemoryModel
00000001                $TI_capability_requires_rev2
            00008fa4    .bss
00010000                .text
00011f3d                C$$EXIT
00011a43                C$$IO$$
00011ed3                I$$UDIV
00011ee8                I$$UMOD
00010a0d                _HOSTclock
000109a2                _HOSTclose
000108ed                _HOSTlseek
0001084e                _HOSTopen
000107c1                _HOSTread
00010713                _HOSTrename
000106b5                _HOSTtime
0001064b                _HOSTunlink
000105be                _HOSTwrite
00000100                _Reset
            000004b4    __CIOBUF_
            00000200    __STACK_END
00000200                __STACK_SIZE
00000400                __SYSMEM_SIZE
00000200                __SYSSTACK_SIZE
00000001                __TI_args_main
ffffffff                ___binit__
            00008fa4    ___bss__
ffffffff                ___c_args__
            0000933d    ___cinit__
            0000933d    ___end__
00011f46                ___etext__
ffffffff                ___pinit__
00010000                ___text__
00011dd7                __args_main
00011448                __cleanup
            00009336    __cleanup_ptr
00011ed3                __divu
000118cc                __doflush
            00009338    __dtors_ptr
            000091e8    __ft_end
            000090d0    __ftable
            00009332    __lock
00011f30                __nop
00011236                __printfi_minimal
0001186f                __rd_ok
00011f28                __register_lock
00011f20                __register_unlock
00011ee8                __remu
            00000100    __stack
            000002b4    __sys_memory
            000005d4    __sysstack
            00009148    __tmpnams
            00009334    __unlock
000117ef                __wrt_ok
00011f3c                _abort
00010453                _add_device
00011d8a                _auto_init
            00008fa4    _buffer1
            00009008    _buffer2
            0000906c    _buffer3
00011e9f                _c_int00
00010efa                _calloc
00010ef2                _chkheap
000103e0                _close
00011e61                _exit
00011b8e                _fclose
00011935                _fflush
000103d7                _find_registered_device
0001156b                _fopen
00011a48                _fputc
000115a6                _fputs
00010a6b                _free
00010e9c                _free_memory
000114a2                _freopen
00011c76                _fseek
00010543                _getenv
            0000933c    _k
00010371                _lseek
00011aee                _main
00010b9c                _malloc
00010e42                _max_free
00011efd                _memccpy
00011e22                _memcpy
00010b37                _minit
00011ce1                _mySub
000102b2                _open
00011d3a                _printf
00011a48                _putc
00011adf                _putchar
000116db                _puts
00010204                _read
00011c09                _readmsg
00010c91                _realloc
00011f32                _remove
000101ce                _remove_device
00010175                _rename
00011709                _setvbuf
00010142                _unlink
00010000                _write
0001198e                _writemsg
ffffffff                binit
            0000933d    cinit
            0000933d    end
00011f46                etext
ffffffff                pinit


GLOBAL SYMBOLS: SORTED BY Symbol Address 

abs. value/
byte addr   word addr   name
---------   ---------   ----
00000001                $TI_capability_requires_rev2
00000001                __TI_args_main
00000002                $TI_capability$C5500$CallingConvention
00000002                $TI_capability$C5500$MemoryModel
00000100                _Reset
00000200                __STACK_SIZE
00000200                __SYSSTACK_SIZE
            00000100    __stack
            00000200    __STACK_END
00000400                __SYSMEM_SIZE
            000002b4    __sys_memory
            000004b4    __CIOBUF_
            000005d4    __sysstack
00010000                .text
00010000                ___text__
00010000                _write
00010142                _unlink
00010175                _rename
000101ce                _remove_device
00010204                _read
000102b2                _open
00010371                _lseek
000103d7                _find_registered_device
000103e0                _close
00010453                _add_device
00010543                _getenv
000105be                _HOSTwrite
0001064b                _HOSTunlink
000106b5                _HOSTtime
00010713                _HOSTrename
000107c1                _HOSTread
0001084e                _HOSTopen
000108ed                _HOSTlseek
000109a2                _HOSTclose
00010a0d                _HOSTclock
00010a6b                _free
00010b37                _minit
00010b9c                _malloc
00010c91                _realloc
00010e42                _max_free
00010e9c                _free_memory
00010ef2                _chkheap
00010efa                _calloc
00011236                __printfi_minimal
00011448                __cleanup
000114a2                _freopen
0001156b                _fopen
000115a6                _fputs
000116db                _puts
00011709                _setvbuf
000117ef                __wrt_ok
0001186f                __rd_ok
000118cc                __doflush
00011935                _fflush
0001198e                _writemsg
00011a43                C$$IO$$
00011a48                _fputc
00011a48                _putc
00011adf                _putchar
00011aee                _main
00011b8e                _fclose
00011c09                _readmsg
00011c76                _fseek
00011ce1                _mySub
00011d3a                _printf
00011d8a                _auto_init
00011dd7                __args_main
00011e22                _memcpy
00011e61                _exit
00011e9f                _c_int00
00011ed3                I$$UDIV
00011ed3                __divu
00011ee8                I$$UMOD
00011ee8                __remu
00011efd                _memccpy
00011f20                __register_unlock
00011f28                __register_lock
00011f30                __nop
00011f32                _remove
00011f3c                _abort
00011f3d                C$$EXIT
00011f46                ___etext__
00011f46                etext
            00008fa4    .bss
            00008fa4    ___bss__
            00008fa4    _buffer1
            00009008    _buffer2
            0000906c    _buffer3
            000090d0    __ftable
            00009148    __tmpnams
            000091e8    __ft_end
            00009332    __lock
            00009334    __unlock
            00009336    __cleanup_ptr
            00009338    __dtors_ptr
            0000933c    _k
            0000933d    ___cinit__
            0000933d    ___end__
            0000933d    cinit
            0000933d    end
ffffffff                ___binit__
ffffffff                ___c_args__
ffffffff                ___pinit__
ffffffff                binit
ffffffff                pinit

[105 symbols]
