******************************************************************************
              TMS320C55x Linker PC v4.4.1                      
******************************************************************************
>> Linked Sun Jan 10 22:09:39 2021

OUTPUT FILE NAME:   <DspExam2019B.out>
ENTRY POINT SYMBOL: "_c_int00"  address: 00001c73


MEMORY CONFIGURATION

         name            origin    length      used     unused   attr    fill
                        (bytes)   (bytes)    (bytes)   (bytes)
----------------------  --------  ---------  --------  --------  ----  --------
  IRAM                  000000c0   00040000  000047bb  0003b845  RWIX


SECTION ALLOCATION MAP
(Addresses surrounded by []'s are displayed for convenience only!)

output                                                          attributes/
section   page  orgn(bytes) orgn(words) len(bytes) len(words)   input sections
--------  ----  ----------- ----------- ---------- ----------   --------------
.text        0     000000c0  [ 00000060 ] 00001c37          *   
                   000000c0  [ 00000060 ] 00000543          *   rts55x.lib : lowlev.obj (.text)
                   00000603  [ 00000301+] 00000528          *              : trgdrv.obj (.text)
                   00000b2b  [ 00000595+] 000004b5          *              : memory.obj (.text)
                   00000fe0  [ 000007f0 ] 0000027f          *              : fopen.obj (.text)
                   0000125f  [ 0000092f+] 00000163          *              : fputs.obj (.text)
                   000013c2  [ 000009e1 ] 0000010f          *              : fread.obj (.text)
                   000014d1  [ 00000a68+] 000000ff          *   DspExam2019B.obj (.text)
                   000015d0  [ 00000ae8 ] 000000e6          *   rts55x.lib : setvbuf.obj (.text)
                   000016b6  [ 00000b5b ] 000000dd          *              : _io_perm.obj (.text)
                   00001793  [ 00000bc9+] 000000c2          *              : fflush.obj (.text)
                   00001855  [ 00000c2a+] 000000ba          *              : trgmsg.obj (.text:CIO_breakpoint)
                   0000190f  [ 00000c87+] 000000ae          *              : _bufread.obj (.text)
                   000019bd  [ 00000cde+] 0000007b          *              : fclose.obj (.text)
                   00001a38  [ 00000d1c ] 0000006d          *              : trgmsg.obj (.text)
                   00001aa5  [ 00000d52+] 0000006b          *              : fseek.obj (.text)
                   00001b10  [ 00000d88 ] 0000004e          *   SmoothImageSub.obj (.text)
                   00001b5e  [ 00000daf ] 0000004d          *   rts55x.lib : autoinit.obj (.text)
                   00001bab  [ 00000dd5+] 0000004b          *              : args_main.obj (.text)
                   00001bf6  [ 00000dfb ] 0000003f          *              : memcpy.obj (.text)
                   00001c35  [ 00000e1a+] 0000003e          *              : exit.obj (.text)
                   00001c73  [ 00000e39+] 00000034          *              : boot.obj (.text)
                   00001ca7  [ 00000e53+] 0000002a          *              : udiv.obj (.text)
                   00001cd1  [ 00000e68+] 00000012          *              : _lock.obj (.text)
                   00001ce3  [ 00000e71+] 0000000a          *              : remove.obj (.text)
                   00001ced  [ 00000e76+] 00000007          *              : exit.obj (.text:CIO_breakpoint)
                   00001cf4  [ 00000e7a ] 00000002          *              : vectors.obj (.text)
                   00001cf6  [ 00000e7b ] 00000001          *   --HOLE-- [fill = 20]

.data        0   [ 000000c0 ]  00000060          *   00000000   

.stack       0   [ 00001cf8 ]  00000e7c          *   00000800   
                 [ 00001cf8 ]  00000e7c          *   00000800   --HOLE-- [fill = 0]

.sysmem      0   [ 00002cf8 ]  0000167c          *   00000800   
                 [ 00002cf8 ]  0000167c          *   00000800   --HOLE-- [fill = 0]

.bss         0   [ 00003cf8 ]  00001e7c          *   00000270   
                 [ 00003cf8 ]  00001e7c          *   00000119   rts55x.lib : defs.obj (.bss) [fill = 0]
                 [ 00003f2a ]  00001f95          *   000000d0              : trgdrv.obj (.bss) [fill = 0]
                 [ 000040ca ]  00002065          *   00000001   SmoothImageSub.obj (.bss) [fill = 0]
                 [ 000040cc ]  00002066          *   00000071   rts55x.lib : lowlev.obj (.bss) [fill = 0]
                 [ 000041ae ]  000020d7          *   00000001              : fopen.obj (.bss) [fill = 0]
                 [ 000041b0 ]  000020d8          *   00000006   DspExam2019B.obj (.bss) [fill = 0]
                 [ 000041bc ]  000020de          *   00000006   rts55x.lib : memory.obj (.bss) [fill = 0]
                 [ 000041c8 ]  000020e4          *   00000004              : _lock.obj (.bss) [fill = 0]
                 [ 000041d0 ]  000020e8          *   00000004              : exit.obj (.bss) [fill = 0]

.cio         0   [ 000041d8 ]  000020ec          *   00000120   
                 [ 000041d8 ]  000020ec          *   00000120   rts55x.lib : trgmsg.obj (.cio) [fill = 0]

.cinit       0   [ 00004418 ]  0000220c          *   00000074   
                 [ 00004418 ]  0000220c          *   0000002d   rts55x.lib : lowlev.obj (.cinit)
                 [ 00004472 ]  00002239          *   0000002a              : defs.obj (.cinit)
                 [ 000044c6 ]  00002263          *   0000000a              : _lock.obj (.cinit)
                 [ 000044da ]  0000226d          *   0000000a              : exit.obj (.cinit)
                 [ 000044ee ]  00002277          *   00000004              : fopen.obj (.cinit)
                 [ 000044f6 ]  0000227b          *   00000004              : memory.obj (.cinit)
                 [ 000044fe ]  0000227f          *   00000001   --HOLE-- [fill = 0]

.const       0   [ 00004500 ]  00002280          *   0000003e   
                 [ 00004500 ]  00002280          *   0000003b   DspExam2019B.obj (.const:.string)
                 [ 00004576 ]  000022bb          *   00000001   --HOLE-- [fill = 0]
                 [ 00004578 ]  000022bc          *   00000002   rts55x.lib : fputs.obj (.const:.string)

.sysstack 
*            0   [ 0000457c ]  000022be          *   00000100   UNINITIALIZED
                 [ 0000457c ]  000022be          *   00000100   --HOLE--

vectors      0     00004780  [ 000023c0 ] 00000100          *   
                   00004780  [ 000023c0 ] 00000100          *   rts55x.lib : vectors.obj (vectors)


GLOBAL SYMBOLS: SORTED ALPHABETICALLY BY Name 

abs. value/
byte addr   word addr   name
---------   ---------   ----
00000002                $TI_capability$C5500$CallingConvention
00000002                $TI_capability$C5500$MemoryModel
00000001                $TI_capability_requires_rev2
            00001e7c    .bss
            00000060    .data
000000c0                .text
00001cee                C$$EXIT
0000190a                C$$IO$$
00001ca7                I$$UDIV
00001cbc                I$$UMOD
00000acd                _HOSTclock
00000a62                _HOSTclose
000009ad                _HOSTlseek
0000090e                _HOSTopen
00000881                _HOSTread
000007d3                _HOSTrename
00000775                _HOSTtime
0000070b                _HOSTunlink
0000067e                _HOSTwrite
            000020d9    _ImageHeight
            000020d8    _ImageWidth
00004780                _Reset
00001b10                _SmoothImageSub
            000020ec    __CIOBUF_
            0000167c    __STACK_END
00001000                __STACK_SIZE
00001000                __SYSMEM_SIZE
00000200                __SYSSTACK_SIZE
00000001                __TI_args_main
ffffffff                ___binit__
            00001e7c    ___bss__
ffffffff                ___c_args__
            0000220c    ___cinit__
            00000060    ___data__
            00000060    ___edata__
            000020ec    ___end__
00001cf7                ___etext__
ffffffff                ___pinit__
000000c0                ___text__
00001bab                __args_main
0000190f                __buff_read
00001101                __cleanup
            000020e8    __cleanup_ptr
00001ca7                __divu
00001793                __doflush
            000020ea    __dtors_ptr
            00001f94    __ft_end
            00001e7c    __ftable
            000020e4    __lock
00001ce1                __nop
00001736                __rd_ok
00001cd9                __register_lock
00001cd1                __register_unlock
00001cbc                __remu
            00000e7c    __stack
            0000167c    __sys_memory
            000022be    __sysstack
            00001ef4    __tmpnams
            000020e6    __unlock
000016b6                __wrt_ok
00001ced                _abort
00000513                _add_device
00001b5e                _auto_init
            000020dc    _buffer_grey
            000020da    _buffer_org
00001c73                _c_int00
00000fba                _calloc
00000fb2                _chkheap
000004a0                _close
00001c35                _exit
000019bd                _fclose
000017fc                _fflush
00000497                _find_registered_device
00001224                _fopen
0000125f                _fputs
000013c2                _fread
00000b2b                _free
00000f5c                _free_memory
0000115b                _freopen
00001aa5                _fseek
00000603                _getenv
00000431                _lseek
000014d1                _main
00000c5c                _malloc
00000f02                _max_free
00001bf6                _memcpy
00000bf7                _minit
00000372                _open
00001394                _puts
000002c4                _read
00001a38                _readmsg
00000d51                _realloc
00001ce3                _remove
0000028e                _remove_device
00000235                _rename
000015d0                _setvbuf
00000202                _unlink
000000c0                _write
00001855                _writemsg
ffffffff                binit
            0000220c    cinit
            00000060    edata
            000020ec    end
00001cf7                etext
ffffffff                pinit


GLOBAL SYMBOLS: SORTED BY Symbol Address 

abs. value/
byte addr   word addr   name
---------   ---------   ----
00000001                $TI_capability_requires_rev2
00000001                __TI_args_main
00000002                $TI_capability$C5500$CallingConvention
00000002                $TI_capability$C5500$MemoryModel
            00000060    .data
000000c0                .text
            00000060    ___data__
            00000060    ___edata__
000000c0                ___text__
000000c0                _write
            00000060    edata
00000200                __SYSSTACK_SIZE
00000202                _unlink
00000235                _rename
0000028e                _remove_device
000002c4                _read
00000372                _open
00000431                _lseek
00000497                _find_registered_device
000004a0                _close
00000513                _add_device
00000603                _getenv
0000067e                _HOSTwrite
0000070b                _HOSTunlink
00000775                _HOSTtime
000007d3                _HOSTrename
00000881                _HOSTread
0000090e                _HOSTopen
000009ad                _HOSTlseek
00000a62                _HOSTclose
00000acd                _HOSTclock
00000b2b                _free
00000bf7                _minit
00000c5c                _malloc
00000d51                _realloc
00000f02                _max_free
00000f5c                _free_memory
00000fb2                _chkheap
00000fba                _calloc
00001000                __STACK_SIZE
00001000                __SYSMEM_SIZE
00001101                __cleanup
0000115b                _freopen
00001224                _fopen
0000125f                _fputs
00001394                _puts
000013c2                _fread
000014d1                _main
000015d0                _setvbuf
000016b6                __wrt_ok
00001736                __rd_ok
00001793                __doflush
000017fc                _fflush
00001855                _writemsg
0000190a                C$$IO$$
0000190f                __buff_read
000019bd                _fclose
00001a38                _readmsg
00001aa5                _fseek
00001b10                _SmoothImageSub
00001b5e                _auto_init
00001bab                __args_main
00001bf6                _memcpy
00001c35                _exit
00001c73                _c_int00
00001ca7                I$$UDIV
00001ca7                __divu
00001cbc                I$$UMOD
00001cbc                __remu
00001cd1                __register_unlock
00001cd9                __register_lock
00001ce1                __nop
00001ce3                _remove
00001ced                _abort
00001cee                C$$EXIT
00001cf7                ___etext__
00001cf7                etext
            00000e7c    __stack
            0000167c    __STACK_END
            0000167c    __sys_memory
            00001e7c    .bss
            00001e7c    ___bss__
            00001e7c    __ftable
            00001ef4    __tmpnams
            00001f94    __ft_end
            000020d8    _ImageWidth
            000020d9    _ImageHeight
            000020da    _buffer_org
            000020dc    _buffer_grey
            000020e4    __lock
            000020e6    __unlock
            000020e8    __cleanup_ptr
            000020ea    __dtors_ptr
            000020ec    __CIOBUF_
            000020ec    ___end__
            000020ec    end
            0000220c    ___cinit__
            0000220c    cinit
            000022be    __sysstack
00004780                _Reset
ffffffff                ___binit__
ffffffff                ___c_args__
ffffffff                ___pinit__
ffffffff                binit
ffffffff                pinit

[105 symbols]
